Component: ARM Compiler 5.06 update 7 (build 960) Tool: armlink [4d3601]

==============================================================================

Section Cross References

    main.o(i.HAL_TIM_PeriodElapsedCallback) refers to stm32f4xx_hal.o(i.HAL_IncTick) for HAL_IncTick
    main.o(i.HAL_TIM_PeriodElapsedCallback) refers to chassis_task.o(i.chassis_set_and_fdb_update) for chassis_set_and_fdb_update
    main.o(i.HAL_TIM_PeriodElapsedCallback) refers to tim.o(.data) for freertos_run_time
    main.o(i.HAL_TIM_PeriodElapsedCallback) refers to tim.o(.bss) for htim7
    main.o(i.HAL_TIM_PeriodElapsedCallback) refers to chassis_task.o(.bss) for chassis_pid
    main.o(i.SystemClock_Config) refers to memseta.o(.text) for __aeabi_memclr4
    main.o(i.SystemClock_Config) refers to stm32f4xx_hal_rcc.o(i.HAL_RCC_OscConfig) for HAL_RCC_OscConfig
    main.o(i.SystemClock_Config) refers to stm32f4xx_hal_pwr_ex.o(i.HAL_PWREx_EnableOverDrive) for HAL_PWREx_EnableOverDrive
    main.o(i.SystemClock_Config) refers to stm32f4xx_hal_rcc.o(i.HAL_RCC_ClockConfig) for HAL_RCC_ClockConfig
    main.o(i.main) refers to stm32f4xx_hal.o(i.HAL_Init) for HAL_Init
    main.o(i.main) refers to main.o(i.SystemClock_Config) for SystemClock_Config
    main.o(i.main) refers to gpio.o(i.MX_GPIO_Init) for MX_GPIO_Init
    main.o(i.main) refers to dma.o(i.MX_DMA_Init) for MX_DMA_Init
    main.o(i.main) refers to can.o(i.MX_CAN1_Init) for MX_CAN1_Init
    main.o(i.main) refers to can.o(i.MX_CAN2_Init) for MX_CAN2_Init
    main.o(i.main) refers to tim.o(i.MX_TIM7_Init) for MX_TIM7_Init
    main.o(i.main) refers to usart.o(i.MX_USART3_UART_Init) for MX_USART3_UART_Init
    main.o(i.main) refers to adc.o(i.MX_ADC1_Init) for MX_ADC1_Init
    main.o(i.main) refers to usart.o(i.MX_USART1_UART_Init) for MX_USART1_UART_Init
    main.o(i.main) refers to usart.o(i.MX_USART6_UART_Init) for MX_USART6_UART_Init
    main.o(i.main) refers to tim.o(i.MX_TIM3_Init) for MX_TIM3_Init
    main.o(i.main) refers to tim.o(i.MX_TIM4_Init) for MX_TIM4_Init
    main.o(i.main) refers to tim.o(i.freertos_run_tim3_configuration) for freertos_run_tim3_configuration
    main.o(i.main) refers to can.o(i.CAN_APP_INIT) for CAN_APP_INIT
    main.o(i.main) refers to oled.o(i.LED_Init) for LED_Init
    main.o(i.main) refers to delay.o(i.delay_init) for delay_init
    main.o(i.main) refers to cmsis_os2.o(i.osKernelInitialize) for osKernelInitialize
    main.o(i.main) refers to freertos.o(i.MX_FREERTOS_Init) for MX_FREERTOS_Init
    main.o(i.main) refers to cmsis_os2.o(i.osKernelStart) for osKernelStart
    gpio.o(i.MX_GPIO_Init) refers to memseta.o(.text) for __aeabi_memclr4
    gpio.o(i.MX_GPIO_Init) refers to stm32f4xx_hal_gpio.o(i.HAL_GPIO_WritePin) for HAL_GPIO_WritePin
    gpio.o(i.MX_GPIO_Init) refers to stm32f4xx_hal_gpio.o(i.HAL_GPIO_Init) for HAL_GPIO_Init
    freertos.o(i.MX_FREERTOS_Init) refers to cmsis_os2.o(i.osThreadNew) for osThreadNew
    freertos.o(i.MX_FREERTOS_Init) refers to freertos.o(.constdata) for .constdata
    freertos.o(i.MX_FREERTOS_Init) refers to freertos.o(i.StartDefaultTask) for StartDefaultTask
    freertos.o(i.MX_FREERTOS_Init) refers to freertos.o(.data) for .data
    freertos.o(i.MX_FREERTOS_Init) refers to start_task.o(i.start_task) for start_task
    freertos.o(i.StartDefaultTask) refers to cmsis_os2.o(i.osDelay) for osDelay
    freertos.o(i.configureTimerForRunTimeStats) refers to tim.o(i.MX_TIM3_Init) for MX_TIM3_Init
    freertos.o(i.configureTimerForRunTimeStats) refers to tim.o(.data) for freertos_run_time
    freertos.o(i.getRunTimeCounterValue) refers to tim.o(.data) for freertos_run_time
    freertos.o(.constdata) refers to freertos.o(.conststring) for .conststring
    adc.o(i.HAL_ADC_MspDeInit) refers to stm32f4xx_hal_gpio.o(i.HAL_GPIO_DeInit) for HAL_GPIO_DeInit
    adc.o(i.HAL_ADC_MspDeInit) refers to stm32f4xx_hal_cortex.o(i.HAL_NVIC_DisableIRQ) for HAL_NVIC_DisableIRQ
    adc.o(i.HAL_ADC_MspInit) refers to memseta.o(.text) for __aeabi_memclr4
    adc.o(i.HAL_ADC_MspInit) refers to stm32f4xx_hal_gpio.o(i.HAL_GPIO_Init) for HAL_GPIO_Init
    adc.o(i.HAL_ADC_MspInit) refers to stm32f4xx_hal_cortex.o(i.HAL_NVIC_SetPriority) for HAL_NVIC_SetPriority
    adc.o(i.HAL_ADC_MspInit) refers to stm32f4xx_hal_cortex.o(i.HAL_NVIC_EnableIRQ) for HAL_NVIC_EnableIRQ
    adc.o(i.MX_ADC1_Init) refers to stm32f4xx_hal_adc.o(i.HAL_ADC_Init) for HAL_ADC_Init
    adc.o(i.MX_ADC1_Init) refers to main.o(i.Error_Handler) for Error_Handler
    adc.o(i.MX_ADC1_Init) refers to stm32f4xx_hal_adc.o(i.HAL_ADC_ConfigChannel) for HAL_ADC_ConfigChannel
    adc.o(i.MX_ADC1_Init) refers to adc.o(.bss) for .bss
    adc.o(i.get_adc1_value) refers to stm32f4xx_hal_adc.o(i.HAL_ADC_ConfigChannel) for HAL_ADC_ConfigChannel
    adc.o(i.get_adc1_value) refers to stm32f4xx_hal_adc.o(i.HAL_ADC_Start) for HAL_ADC_Start
    adc.o(i.get_adc1_value) refers to stm32f4xx_hal_adc.o(i.HAL_ADC_PollForConversion) for HAL_ADC_PollForConversion
[...]
    HAL_RCC_GetPCLK1Freq                     0x080026e5   Thumb Code    20  stm32f4xx_hal_rcc.o(i.HAL_RCC_GetPCLK1Freq)
    HAL_RCC_GetPCLK2Freq                     0x08002705   Thumb Code    20  stm32f4xx_hal_rcc.o(i.HAL_RCC_GetPCLK2Freq)
    HAL_RCC_GetSysClockFreq                  0x08002725   Thumb Code    88  stm32f4xx_hal_rcc.o(i.HAL_RCC_GetSysClockFreq)
    HAL_RCC_OscConfig                        0x08002789   Thumb Code   840  stm32f4xx_hal_rcc.o(i.HAL_RCC_OscConfig)
    HAL_SYSTICK_CLKSourceConfig              0x08002ae5   Thumb Code    24  stm32f4xx_hal_cortex.o(i.HAL_SYSTICK_CLKSourceConfig)
    HAL_TIMEx_BreakCallback                  0x08002afd   Thumb Code     2  stm32f4xx_hal_tim_ex.o(i.HAL_TIMEx_BreakCallback)
    HAL_TIMEx_CommutCallback                 0x08002aff   Thumb Code     2  stm32f4xx_hal_tim_ex.o(i.HAL_TIMEx_CommutCallback)
    HAL_TIMEx_MasterConfigSynchronization    0x08002b01   Thumb Code   116  stm32f4xx_hal_tim_ex.o(i.HAL_TIMEx_MasterConfigSynchronization)
    HAL_TIM_Base_Init                        0x08002b91   Thumb Code    54  stm32f4xx_hal_tim.o(i.HAL_TIM_Base_Init)
    HAL_TIM_Base_MspInit                     0x08002bc9   Thumb Code   120  tim.o(i.HAL_TIM_Base_MspInit)
    HAL_TIM_Base_Start_IT                    0x08002c55   Thumb Code    34  stm32f4xx_hal_tim.o(i.HAL_TIM_Base_Start_IT)
    HAL_TIM_ConfigClockSource                0x08002c77   Thumb Code   214  stm32f4xx_hal_tim.o(i.HAL_TIM_ConfigClockSource)
    HAL_TIM_IC_CaptureCallback               0x08002d4d   Thumb Code     2  stm32f4xx_hal_tim.o(i.HAL_TIM_IC_CaptureCallback)
    HAL_TIM_IRQHandler                       0x08002d4f   Thumb Code   358  stm32f4xx_hal_tim.o(i.HAL_TIM_IRQHandler)
    HAL_TIM_MspPostInit                      0x08002eb5   Thumb Code    86  tim.o(i.HAL_TIM_MspPostInit)
    HAL_TIM_OC_DelayElapsedCallback          0x08002f1d   Thumb Code     2  stm32f4xx_hal_tim.o(i.HAL_TIM_OC_DelayElapsedCallback)
    HAL_TIM_PWM_ConfigChannel                0x08002f1f   Thumb Code   208  stm32f4xx_hal_tim.o(i.HAL_TIM_PWM_ConfigChannel)
    HAL_TIM_PWM_Init                         0x08002fef   Thumb Code    54  stm32f4xx_hal_tim.o(i.HAL_TIM_PWM_Init)
    HAL_TIM_PWM_MspInit                      0x08003025   Thumb Code     2  stm32f4xx_hal_tim.o(i.HAL_TIM_PWM_MspInit)
    HAL_TIM_PWM_PulseFinishedCallback        0x08003027   Thumb Code     2  stm32f4xx_hal_tim.o(i.HAL_TIM_PWM_PulseFinishedCallback)
    HAL_TIM_PWM_Start                        0x08003029   Thumb Code    58  stm32f4xx_hal_tim.o(i.HAL_TIM_PWM_Start)
    HAL_TIM_PeriodElapsedCallback            0x0800306d   Thumb Code    52  main.o(i.HAL_TIM_PeriodElapsedCallback)
    HAL_TIM_TriggerCallback                  0x080030b9   Thumb Code     2  stm32f4xx_hal_tim.o(i.HAL_TIM_TriggerCallback)
    HAL_UART_DMAStop                         0x080030bb   Thumb Code    88  stm32f4xx_hal_uart.o(i.HAL_UART_DMAStop)
    HAL_UART_ErrorCallback                   0x08003113   Thumb Code     2  stm32f4xx_hal_uart.o(i.HAL_UART_ErrorCallback)
    HAL_UART_IRQHandler                      0x08003115   Thumb Code   270  stm32f4xx_hal_uart.o(i.HAL_UART_IRQHandler)
    HAL_UART_Init                            0x08003229   Thumb Code    98  stm32f4xx_hal_uart.o(i.HAL_UART_Init)
    HAL_UART_MspInit                         0x0800328d   Thumb Code   386  usart.o(i.HAL_UART_MspInit)
    HAL_UART_Receive_DMA                     0x08003435   Thumb Code   138  stm32f4xx_hal_uart.o(i.HAL_UART_Receive_DMA)
    HAL_UART_RxCpltCallback                  0x080034cd   Thumb Code     2  stm32f4xx_hal_uart.o(i.HAL_UART_RxCpltCallback)
    HAL_UART_RxHalfCpltCallback              0x080034cf   Thumb Code     2  stm32f4xx_hal_uart.o(i.HAL_UART_RxHalfCpltCallback)
    HAL_UART_Transmit                        0x080034d1   Thumb Code   186  stm32f4xx_hal_uart.o(i.HAL_UART_Transmit)
    HAL_UART_TxCpltCallback                  0x0800358b   Thumb Code     2  stm32f4xx_hal_uart.o(i.HAL_UART_TxCpltCallback)
    HardFault_Handler                        0x0800358d   Thumb Code     2  stm32f4xx_it.o(i.HardFault_Handler)
    LEDPIN_Init                              0x08003591   Thumb Code   100  oled.o(i.LEDPIN_Init)
    LED_DLY_ms                               0x08003609   Thumb Code    20  oled.o(i.LED_DLY_ms)
    LED_Fill                                 0x0800361d   Thumb Code    56  oled.o(i.LED_Fill)
    LED_Init                                 0x08003655   Thumb Code   146  oled.o(i.LED_Init)
    LED_P6x8Char                             0x080036ed   Thumb Code    48  oled.o(i.LED_P6x8Char)
    LED_P6x8Str                              0x08003721   Thumb Code    88  oled.o(i.LED_P6x8Str)
    LED_PrintValueC                          0x0800377d   Thumb Code   102  oled.o(i.LED_PrintValueC)
    LED_PrintValueF                          0x080037e5   Thumb Code   480  oled.o(i.LED_PrintValueF)
    LED_PrintValueFP                         0x080039cd   Thumb Code   226  oled.o(i.LED_PrintValueFP)
    LED_PrintValueI                          0x08003aaf   Thumb Code   170  oled.o(i.LED_PrintValueI)
    LED_Set_Pos                              0x08003b59   Thumb Code    34  oled.o(i.LED_Set_Pos)
    LED_WrCmd                                0x08003b7d   Thumb Code    58  oled.o(i.LED_WrCmd)
    LED_WrDat                                0x08003bc1   Thumb Code    58  oled.o(i.LED_WrDat)
    LED_blink                                0x08003c05   Thumb Code    40  gui_task.o(i.LED_blink)
    MX_ADC1_Init                             0x08003c35   Thumb Code    88  adc.o(i.MX_ADC1_Init)
    MX_CAN1_Init                             0x08003c99   Thumb Code    56  can.o(i.MX_CAN1_Init)
    MX_CAN2_Init                             0x08003cd9   Thumb Code    56  can.o(i.MX_CAN2_Init)
    MX_DMA_Init                              0x08003d19   Thumb Code    56  dma.o(i.MX_DMA_Init)
    MX_FREERTOS_Init                         0x08003d55   Thumb Code    32  freertos.o(i.MX_FREERTOS_Init)
    MX_GPIO_Init                             0x08003d85   Thumb Code   236  gpio.o(i.MX_GPIO_Init)
    MX_TIM3_Init                             0x08003e81   Thumb Code    92  tim.o(i.MX_TIM3_Init)
    MX_TIM4_Init                             0x08003ee5   Thumb Code   162  tim.o(i.MX_TIM4_Init)
    MX_TIM7_Init                             0x08003f91   Thumb Code    62  tim.o(i.MX_TIM7_Init)
    MX_USART1_UART_Init                      0x08003fd9   Thumb Code    48  usart.o(i.MX_USART1_UART_Init)
    MX_USART3_UART_Init                      0x08004011   Thumb Code    48  usart.o(i.MX_USART3_UART_Init)
    MX_USART6_UART_Init                      0x08004049   Thumb Code    48  usart.o(i.MX_USART6_UART_Init)
    MemManage_Handler                        0x08004081   Thumb Code     2  stm32f4xx_it.o(i.MemManage_Handler)
    Motor_message                            0x08004085   Thumb Code   216  gui_task.o(i.Motor_message)
    Motor_test                               0x080041c1   Thumb Code   326  gui_task.o(i.Motor_test)
    NMI_Handler                              0x08004351   Thumb Code     2  stm32f4xx_it.o(i.NMI_Handler)
    Operator_ID                              0x08004355   Thumb Code    20  test_task.o(i.Operator_ID)
    PID_Calc                                 0x0800436d   Thumb Code   220  pid.o(i.PID_Calc)
    PID_Reset                                0x08004449   Thumb Code    34  pid.o(i.PID_Reset)
    RC_abs                                   0x08004471   Thumb Code    10  chassis_task.o(i.RC_abs)
    Robot_message                            0x0800447d   Thumb Code   152  gui_task.o(i.Robot_message)
    SetAddressingMode                        0x08004555   Thumb Code    20  oled.o(i.SetAddressingMode)
    SetContrastControl                       0x08004569   Thumb Code    20  oled.o(i.SetContrastControl)
    SetStartLine                             0x0800457d   Thumb Code     8  oled.o(i.SetStartLine)
    Set_Charge_Pump                          0x08004585   Thumb Code    22  oled.o(i.Set_Charge_Pump)
    Set_Common_Config                        0x0800459b   Thumb Code    22  oled.o(i.Set_Common_Config)
    Set_Common_Remap                         0x080045b1   Thumb Code     8  oled.o(i.Set_Common_Remap)
    Set_Display_Clock                        0x080045b9   Thumb Code    20  oled.o(i.Set_Display_Clock)
    Set_Display_Offset                       0x080045cd   Thumb Code    20  oled.o(i.Set_Display_Offset)
    Set_Display_On_Off                       0x080045e1   Thumb Code     8  oled.o(i.Set_Display_On_Off)
    Set_Entire_Display                       0x080045e9   Thumb Code     8  oled.o(i.Set_Entire_Display)
    Set_Inverse_Display                      0x080045f1   Thumb Code     8  oled.o(i.Set_Inverse_Display)
    Set_Multiplex_Ratio                      0x080045f9   Thumb Code    20  oled.o(i.Set_Multiplex_Ratio)
    Set_Precharge_Period                     0x0800460d   Thumb Code    20  oled.o(i.Set_Precharge_Period)
    Set_Segment_Remap                        0x08004621   Thumb Code     8  oled.o(i.Set_Segment_Remap)
    Set_VCOMH                                0x08004629   Thumb Code    20  oled.o(i.Set_VCOMH)
    Show_User_Data                           0x0800463d   Thumb Code   112  test_task.o(i.Show_User_Data)
    StartDefaultTask                         0x080046b9   Thumb Code     8  freertos.o(i.StartDefaultTask)
    SysTick_Handler                          0x080046c1   Thumb Code    38  port.o(i.SysTick_Handler)
    SystemClock_Config                       0x080046ed   Thumb Code   150  main.o(i.SystemClock_Config)
    SystemInit                               0x0800478d   Thumb Code    22  system_stm32f4xx.o(i.SystemInit)
    TIM1_UP_TIM10_IRQHandler                 0x080047a9   Thumb Code     6  stm32f4xx_it.o(i.TIM1_UP_TIM10_IRQHandler)
    TIM3_IRQHandler                          0x080047b5   Thumb Code     6  stm32f4xx_it.o(i.TIM3_IRQHandler)
    TIM7_IRQHandler                          0x080047c1   Thumb Code    16  stm32f4xx_it.o(i.TIM7_IRQHandler)
    TIM_Base_SetConfig                       0x080047d5   Thumb Code   156  stm32f4xx_hal_tim.o(i.TIM_Base_SetConfig)
    TIM_CCxChannelCmd                        0x0800489d   Thumb Code    26  stm32f4xx_hal_tim.o(i.TIM_CCxChannelCmd)
    TIM_ETR_SetConfig                        0x080048b7   Thumb Code    20  stm32f4xx_hal_tim.o(i.TIM_ETR_SetConfig)
    TIM_OC2_SetConfig                        0x0800493d   Thumb Code    98  stm32f4xx_hal_tim.o(i.TIM_OC2_SetConfig)
    USART1_IRQHandler                        0x08004dfd   Thumb Code     6  stm32f4xx_it.o(i.USART1_IRQHandler)
    USART3_IRQHandler                        0x08004e09   Thumb Code    18  stm32f4xx_it.o(i.USART3_IRQHandler)
    USART6_IRQHandler                        0x08004e21   Thumb Code     6  stm32f4xx_it.o(i.USART6_IRQHandler)
    USAR_UART_IDLECallback                   0x08004e2d   Thumb Code    74  usart.o(i.USAR_UART_IDLECallback)
    UsageFault_Handler                       0x08004e7d   Thumb Code     2  stm32f4xx_it.o(i.UsageFault_Handler)
    Verify_CRC16_Check_Sum                   0x08004e7f   Thumb Code    52  judge.o(i.Verify_CRC16_Check_Sum)
    Verify_CRC8_Check_Sum                    0x08004eb3   Thumb Code    42  judge.o(i.Verify_CRC8_Check_Sum)
    __0sprintf$3                             0x08004edd   Thumb Code    34  printf3.o(i.__0sprintf$3)
    __1sprintf$3                             0x08004edd   Thumb Code     0  printf3.o(i.__0sprintf$3)
    __2sprintf                               0x08004edd   Thumb Code     0  printf3.o(i.__0sprintf$3)
    __ARM_fpclassify                         0x08004f05   Thumb Code    48  fpclassify.o(i.__ARM_fpclassify)
    __aeabi_errno_addr                       0x08004f55   Thumb Code     4  errno.o(i.__aeabi_errno_addr)
    __rt_errno_addr                          0x08004f55   Thumb Code     0  errno.o(i.__aeabi_errno_addr)
    __hardfp_cos                             0x08004f61   Thumb Code   180  cos.o(i.__hardfp_cos)
    __hardfp_sin                             0x08005029   Thumb Code   180  sin.o(i.__hardfp_sin)
    __ieee754_rem_pio2                       0x080050f1   Thumb Code   938  rred.o(i.__ieee754_rem_pio2)
    __kernel_cos                             0x08005529   Thumb Code   322  cos_i.o(i.__kernel_cos)
    __kernel_poly                            0x08005699   Thumb Code   248  poly.o(i.__kernel_poly)
    __kernel_sin                             0x08005791   Thumb Code   280  sin_i.o(i.__kernel_sin)
    __mathlib_dbl_infnan                     0x080058c1   Thumb Code    20  dunder.o(i.__mathlib_dbl_infnan)
    __mathlib_dbl_invalid                    0x080058d9   Thumb Code    24  dunder.o(i.__mathlib_dbl_invalid)
    __mathlib_dbl_underflow                  0x080058f9   Thumb Code    24  dunder.o(i.__mathlib_dbl_underflow)
    __scatterload_copy                       0x08005919   Thumb Code    14  handlers.o(i.__scatterload_copy)
    __scatterload_null                       0x08005927   Thumb Code     2  handlers.o(i.__scatterload_null)
    __scatterload_zeroinit                   0x08005929   Thumb Code    14  handlers.o(i.__scatterload_zeroinit)
    __set_errno                              0x08005939   Thumb Code     6  errno.o(i.__set_errno)
    caculate_gimbal_angle                    0x08005b09   Thumb Code   110  chassis_task.o(i.caculate_gimbal_angle)
    can1_message_progress                    0x08005b81   Thumb Code    58  can1_app.o(i.can1_message_progress)
    can2_message_progress                    0x08005bc5   Thumb Code   158  can2_app.o(i.can2_message_progress)
    chassis_control_loop                     0x08005c75   Thumb Code   146  chassis_task.o(i.chassis_control_loop)
    chassis_init                             0x08005d09   Thumb Code   120  chassis_task.o(i.chassis_init)
    chassis_pid_calculate                    0x08005e5d   Thumb Code   134  chassis_task.o(i.chassis_pid_calculate)
    chassis_pid_init                         0x08005ee5   Thumb Code    56  chassis_task.o(i.chassis_pid_init)
    chassis_pid_process                      0x08005f25   Thumb Code    72  connect_task.o(i.chassis_pid_process)
    chassis_power_limit                      0x08005f6d   Thumb Code   244  rule.o(i.chassis_power_limit)
    chassis_set_and_fdb_update               0x08006091   Thumb Code   274  chassis_task.o(i.chassis_set_and_fdb_update)
    chassis_task                             0x080061a9   Thumb Code   108  chassis_task.o(i.chassis_task)
    close_magazine                           0x08006219   Thumb Code    20  tim.o(i.close_magazine)
    configureTimerForRunTimeStats            0x08006231   Thumb Code    12  freertos.o(i.configureTimerForRunTimeStats)
    connect_gyro_data_process                0x08006241   Thumb Code   116  connect_task.o(i.connect_gyro_data_process)
    connect_init                             0x080062b5   Thumb Code    30  connect_task.o(i.connect_init)
    connect_rc_ctrl_process                  0x080062d5   Thumb Code    84  connect_task.o(i.connect_rc_ctrl_process)
    connect_task                             0x0800632d   Thumb Code    24  connect_task.o(i.connect_task)
    delay_init                               0x08006349   Thumb Code    50  delay.o(i.delay_init)
    delay_ms                                 0x08006381   Thumb Code    52  delay.o(i.delay_ms)
    delay_us                                 0x080063b9   Thumb Code    48  delay.o(i.delay_us)
    eTaskGetState                            0x080063ed   Thumb Code   106  tasks.o(i.eTaskGetState)
    fabs                                     0x08006461   Thumb Code    24  fabs.o(i.fabs)
    freertos_run_tim3_configuration          0x08006479   Thumb Code    24  tim.o(i.freertos_run_tim3_configuration)
    getRunTimeCounterValue                   0x08006499   Thumb Code     8  freertos.o(i.getRunTimeCounterValue)
    get_adc1_value                           0x080064a5   Thumb Code    52  adc.o(i.get_adc1_value)
    get_bullets_remaining                    0x080064dd   Thumb Code    16  judge.o(i.get_bullets_remaining)
    get_cm1_msg_point                        0x080064ed   Thumb Code     4  can1_app.o(i.get_cm1_msg_point)
    get_cm2_msg_point                        0x080064f5   Thumb Code     4  can1_app.o(i.get_cm2_msg_point)
    get_cm3_msg_point                        0x080064fd   Thumb Code     4  can1_app.o(i.get_cm3_msg_point)
    get_cm4_msg_point                        0x08006505   Thumb Code     4  can1_app.o(i.get_cm4_msg_point)
    get_connect_data_point                   0x0800650d   Thumb Code     4  connect_task.o(i.get_connect_data_point)
    get_forward_back_value                   0x08006515   Thumb Code   348  chassis_task.o(i.get_forward_back_value)
    get_game_status                          0x08006671   Thumb Code   118  judge.o(i.get_game_status)
    get_power_heart                          0x080066ed   Thumb Code    52  judge.o(i.get_power_heart)
    get_rc_data_point                        0x08006721   Thumb Code     4  remote_app.o(i.get_rc_data_point)
    get_robot_hurt                           0x08006729   Thumb Code    22  judge.o(i.get_robot_hurt)
    get_robot_status                         0x0800673f   Thumb Code    84  judge.o(i.get_robot_status)
    get_rotate_value                         0x08006795   Thumb Code   180  chassis_task.o(i.get_rotate_value)
    get_shoot_infor                          0x08006859   Thumb Code    36  judge.o(i.get_shoot_infor)
    get_thumbwheel_motor_msg_point           0x0800687d   Thumb Code     4  can1_app.o(i.get_thumbwheel_motor_msg_point)
    get_yaw_motor1_msg_point                 0x08006885   Thumb Code     4  can2_app.o(i.get_yaw_motor1_msg_point)
    get_yaw_motor2_msg_point                 0x0800688d   Thumb Code     4  can2_app.o(i.get_yaw_motor2_msg_point)
    hurt_init                                0x08006895   Thumb Code    18  rule.o(i.hurt_init)
    key_scanf                                0x080068ad   Thumb Code   100  adc.o(i.key_scanf)
    magazine_control                         0x08006915   Thumb Code   130  chassis_task.o(i.magazine_control)
    main                                     0x080069a5   Thumb Code    84  main.o(i.main)
    open_magazine                            0x080069f9   Thumb Code    20  tim.o(i.open_magazine)
    osDelay                                  0x08006a11   Thumb Code    46  cmsis_os2.o(i.osDelay)
    osKernelInitialize                       0x08006a45   Thumb Code    48  cmsis_os2.o(i.osKernelInitialize)
    osKernelLock                             0x08006a79   Thumb Code    62  cmsis_os2.o(i.osKernelLock)
    osKernelStart                            0x08006abd   Thumb Code    56  cmsis_os2.o(i.osKernelStart)
    osKernelUnlock                           0x08006af9   Thumb Code    78  cmsis_os2.o(i.osKernelUnlock)
    osThreadGetId                            0x08006b4d   Thumb Code     4  cmsis_os2.o(i.osThreadGetId)
    osThreadNew                              0x08006b51   Thumb Code   158  cmsis_os2.o(i.osThreadNew)
    osThreadResume                           0x08006bf5   Thumb Code    52  cmsis_os2.o(i.osThreadResume)
    osThreadSuspend                          0x08006c2d   Thumb Code    52  cmsis_os2.o(i.osThreadSuspend)
    osThreadTerminate                        0x08006c65   Thumb Code    72  cmsis_os2.o(i.osThreadTerminate)
    power_message                            0x08006cb1   Thumb Code   154  gui_task.o(i.power_message)
    process_judge_message                    0x08006d8d   Thumb Code   248  judge.o(i.process_judge_message)
    pvPortMalloc                             0x08007665   Thumb Code   210  heap_4.o(i.pvPortMalloc)
    pxPortInitialiseStack                    0x0800773d   Thumb Code    40  port.o(i.pxPortInitialiseStack)
    rc_analoy_key_init                       0x08007769   Thumb Code    22  gui_task.o(i.rc_analoy_key_init)
    robot_hurt_analysis                      0x08007785   Thumb Code    64  rule.o(i.robot_hurt_analysis)
    rotate_motion_mode_process               0x080077d1   Thumb Code   358  chassis_task.o(i.rotate_motion_mode_process)
    send_shoot_42mm_data                     0x0800794d   Thumb Code    68  can2_app.o(i.send_shoot_42mm_data)
    send_shoot_judge_data                    0x080079a5   Thumb Code    88  can2_app.o(i.send_shoot_judge_data)
    set_GUI_task_state                       0x08007a19   Thumb Code    68  chassis_task.o(i.set_GUI_task_state)
    set_chassis_behaviour                    0x08007a61   Thumb Code    60  can1_app.o(i.set_chassis_behaviour)
    set_chassis_power                        0x08007aa9   Thumb Code    48  can1_app.o(i.set_chassis_power)
    set_chassis_stop                         0x08007ae5   Thumb Code    48  can1_app.o(i.set_chassis_stop)
    set_thumbwheel_behaviour                 0x08007b21   Thumb Code    48  can1_app.o(i.set_thumbwheel_behaviour)
    shoot_message                            0x08007b5d   Thumb Code   200  gui_task.o(i.shoot_message)
    start_task                               0x08007c7d   Thumb Code    78  start_task.o(i.start_task)
    test_task                                0x08007ce5   Thumb Code    12  test_task.o(i.test_task)
    uxListRemove                             0x08007cf1   Thumb Code    38  list.o(i.uxListRemove)
    vApplicationGetIdleTaskMemory            0x08007d19   Thumb Code    16  cmsis_os2.o(i.vApplicationGetIdleTaskMemory)
    vApplicationGetTimerTaskMemory           0x08007d2d   Thumb Code    18  cmsis_os2.o(i.vApplicationGetTimerTaskMemory)
    vListInitialise                          0x08007d45   Thumb Code    22  list.o(i.vListInitialise)
    vListInitialiseItem                      0x08007d5b   Thumb Code     6  list.o(i.vListInitialiseItem)
    vListInsert                              0x08007d61   Thumb Code    48  list.o(i.vListInsert)
    vListInsertEnd                           0x08007d91   Thumb Code    24  list.o(i.vListInsertEnd)
    vPortEnterCritical                       0x08007da9   Thumb Code    54  port.o(i.vPortEnterCritical)
    vPortExitCritical                        0x08007de9   Thumb Code    34  port.o(i.vPortExitCritical)
    vPortFree                                0x08007e11   Thumb Code    88  heap_4.o(i.vPortFree)
    vPortSetupTimerInterrupt                 0x08007e6d   Thumb Code    32  port.o(i.vPortSetupTimerInterrupt)
    vPortValidateInterruptPriority           0x08007e91   Thumb Code    74  port.o(i.vPortValidateInterruptPriority)
    vQueueAddToRegistry                      0x08007ee5   Thumb Code    34  queue.o(i.vQueueAddToRegistry)
    vQueueWaitForMessageRestricted           0x08007f0d   Thumb Code    68  queue.o(i.vQueueWaitForMessageRestricted)
    vTaskDelay                               0x08007f51   Thumb Code    66  tasks.o(i.vTaskDelay)
    vTaskDelayUntil                          0x08007f9d   Thumb Code   132  tasks.o(i.vTaskDelayUntil)
    vTaskDelete                              0x08008029   Thumb Code   130  tasks.o(i.vTaskDelete)
    vTaskInternalSetTimeOutState             0x080080b9   Thumb Code    12  tasks.o(i.vTaskInternalSetTimeOutState)
    vTaskMissedYield                         0x080080c9   Thumb Code     8  tasks.o(i.vTaskMissedYield)
    vTaskPlaceOnEventList                    0x080080d5   Thumb Code    44  tasks.o(i.vTaskPlaceOnEventList)
    vTaskPlaceOnEventListRestricted          0x08008105   Thumb Code    52  tasks.o(i.vTaskPlaceOnEventListRestricted)
    vTaskResume                              0x0800813d   Thumb Code   110  tasks.o(i.vTaskResume)
    vTaskStartScheduler                      0x080081b9   Thumb Code   122  tasks.o(i.vTaskStartScheduler)
    vTaskSuspend                             0x08008245   Thumb Code   144  tasks.o(i.vTaskSuspend)
    vTaskSuspendAll                          0x080082e1   Thumb Code    10  tasks.o(i.vTaskSuspendAll)
    vTaskSwitchContext                       0x080082f1   Thumb Code   114  tasks.o(i.vTaskSwitchContext)
    xPortStartScheduler                      0x0800836d   Thumb Code   222  port.o(i.xPortStartScheduler)
    xQueueGenericCreateStatic                0x08008461   Thumb Code   102  queue.o(i.xQueueGenericCreateStatic)
    xQueueGenericReset                       0x080084c9   Thumb Code   132  queue.o(i.xQueueGenericReset)
    xQueueGenericSend                        0x08008551   Thumb Code   346  queue.o(i.xQueueGenericSend)
    xQueueGenericSendFromISR                 0x080086b1   Thumb Code   188  queue.o(i.xQueueGenericSendFromISR)
    xQueueReceive                            0x0800876d   Thumb Code   308  queue.o(i.xQueueReceive)
    xTaskCheckForTimeOut                     0x080088a5   Thumb Code   132  tasks.o(i.xTaskCheckForTimeOut)
    xTaskCreate                              0x0800892d   Thumb Code    90  tasks.o(i.xTaskCreate)
    xTaskCreateStatic                        0x08008987   Thumb Code    86  tasks.o(i.xTaskCreateStatic)
    xTaskGetCurrentTaskHandle                0x080089dd   Thumb Code     6  tasks.o(i.xTaskGetCurrentTaskHandle)
    xTaskGetSchedulerState                   0x080089e9   Thumb Code    22  tasks.o(i.xTaskGetSchedulerState)
    xTaskGetTickCount                        0x08008a05   Thumb Code     6  tasks.o(i.xTaskGetTickCount)
    xTaskIncrementTick                       0x08008a11   Thumb Code   190  tasks.o(i.xTaskIncrementTick)
    xTaskPriorityDisinherit                  0x08008ad9   Thumb Code   118  tasks.o(i.xTaskPriorityDisinherit)
    xTaskRemoveFromEventList                 0x08008b59   Thumb Code    98  tasks.o(i.xTaskRemoveFromEventList)
    xTaskResumeAll                           0x08008bc9   Thumb Code   182  tasks.o(i.xTaskResumeAll)
    xTimerCreateTimerTask                    0x08008c8d   Thumb Code    78  timers.o(i.xTimerCreateTimerTask)
    xTimerGenericCommand                     0x08008ced   Thumb Code    98  timers.o(i.xTimerGenericCommand)
    defaultTask_attributes                   0x08008e2c   Data          36  freertos.o(.constdata)
    Start_Task_attr                          0x08008e50   Data          36  freertos.o(.constdata)
    AHBPrescTable                            0x08008e7c   Data          16  system_stm32f4xx.o(.constdata)
    APBPrescTable                            0x08008e8c   Data           8  system_stm32f4xx.o(.constdata)
    F14x16                                   0x08008e94   Data           1  oled.o(.constdata)
    F14x16_Idx                               0x08008e95   Data           7  oled.o(.constdata)
    F6x8                                     0x08008e9c   Data         552  oled.o(.constdata)
    F8X16                                    0x080090c4   Data        1520  oled.o(.constdata)
    CRC8_TAB                                 0x080096b4   Data         256  judge.o(.constdata)
    wCRC_Table                               0x080097b4   Data         512  judge.o(.constdata)
    chassis_task_attr                        0x080099b4   Data          36  start_task.o(.constdata)
    connect_task_attr                        0x080099d8   Data          36  start_task.o(.constdata)
    GUI_task_attr                            0x080099fc   Data          36  start_task.o(.constdata)
    test_task_attr                           0x08009a20   Data          36  start_task.o(.constdata)
    __ctype_table                            0x08009b68   Data         129  ctype_o.o(.constdata)
    Region$$Table$$Base                      0x08009c40   Number         0  anon$$obj.o(Region$$Table)
    Region$$Table$$Limit                     0x08009c60   Number         0  anon$$obj.o(Region$$Table)
    defaultTaskHandle                        0x20000000   Data           4  freertos.o(.data)
    Start_Task_Handler                       0x20000004   Data           4  freertos.o(.data)
    range                                    0x20000008   Data           2  adc.o(.data)
    key_up_val                               0x2000000a   Data           2  adc.o(.data)
    key_down_val                             0x2000000c   Data           2  adc.o(.data)
    key_left_val                             0x2000000e   Data           2  adc.o(.data)
    key_right_val                            0x20000010   Data           2  adc.o(.data)
    key_center_val                           0x20000012   Data           2  adc.o(.data)
    can1_rx_data                             0x20000018   Data           8  can.o(.data)
    can2_rx_data                             0x20000020   Data           8  can.o(.data)
    can1_tx_data                             0x20000028   Data           8  can.o(.data)
    can2_tx_data                             0x20000030   Data           8  can.o(.data)
    freertos_run_time                        0x20000038   Data           8  tim.o(.data)
    uwTickFreq                               0x20000040   Data           1  stm32f4xx_hal.o(.data)
    uwTickPrio                               0x20000044   Data           4  stm32f4xx_hal.o(.data)
    uwTick                                   0x20000048   Data           4  stm32f4xx_hal.o(.data)
    SystemCoreClock                          0x2000004c   Data           4  system_stm32f4xx.o(.data)
    pxCurrentTCB                             0x20000050   Data           4  tasks.o(.data)
    robot_buff                               0x200000d4   Data           1  judge.o(.data)
    robot_hurt                               0x200000d5   Data           1  judge.o(.data)
    referee_warning                          0x200000d6   Data           2  judge.o(.data)
    shoot_data                               0x200000d8   Data           8  judge.o(.data)
    bullets_remaining                        0x200000e0   Data           8  judge.o(.data)
    correct_direction_flag                   0x200000e8   Data           1  chassis_task.o(.data)
    last_thumbwheel_remote_flag              0x200000e9   Data           1  chassis_task.o(.data)
    press_key_x_time                         0x200000ea   Data           2  chassis_task.o(.data)
    gimbal_round                             0x200000ec   Data           4  chassis_task.o(.data)
    gimbal_raw_value                         0x200000f0   Data           4  chassis_task.o(.data)
    out                                      0x200000f4   Data           4  chassis_task.o(.data)
    cali_chassis_pid                         0x200000f8   Data          72  chassis_task.o(.data)
    connect_data                             0x20000140   Data          56  connect_task.o(.data)
    Led_blink_state                          0x20000178   Data           1  gui_task.o(.data)
    key_num                                  0x20000179   Data           1  gui_task.o(.data)
    Led_blink_time                           0x2000017a   Data           2  gui_task.o(.data)
    chassis_task_Handler                     0x2000017c   Data           4  start_task.o(.data)
    connect_task_Handler                     0x20000180   Data           4  start_task.o(.data)
    GUI_task_Handler                         0x20000184   Data           4  start_task.o(.data)
    test_task_Handler                        0x20000188   Data           4  start_task.o(.data)
    hadc1                                    0x20000194   Data          72  adc.o(.bss)
    can1_rx_header                           0x200001dc   Data          28  can.o(.bss)
    can2_rx_header                           0x200001f8   Data          28  can.o(.bss)
    hcan1                                    0x20000214   Data          40  can.o(.bss)
    hcan2                                    0x2000023c   Data          40  can.o(.bss)
    can1_tx_header                           0x20000264   Data          24  can.o(.bss)
    can2_tx_header                           0x2000027c   Data          24  can.o(.bss)
    htim3                                    0x20000294   Data          64  tim.o(.bss)
    htim4                                    0x200002d4   Data          64  tim.o(.bss)
    htim7                                    0x20000314   Data          64  tim.o(.bss)
    huart1                                   0x20000354   Data          64  usart.o(.bss)
    huart3                                   0x20000394   Data          64  usart.o(.bss)
    huart6                                   0x200003d4   Data          64  usart.o(.bss)
    hdma_usart3_rx                           0x20000414   Data          96  usart.o(.bss)
    hdma_usart3_tx                           0x20000474   Data          96  usart.o(.bss)
    usart3_rx_data                           0x200004d4   Data         128  usart.o(.bss)
    htim1                                    0x20000554   Data          64  stm32f4xx_hal_timebase_tim.o(.bss)
    xQueueRegistry                           0x20000594   Data          64  queue.o(.bss)
    cm1_msg                                  0x20004e78   Data          80  can1_app.o(.bss)
    cm2_msg                                  0x20004ec8   Data          80  can1_app.o(.bss)
    cm3_msg                                  0x20004f18   Data          80  can1_app.o(.bss)
    cm4_msg                                  0x20004f68   Data          80  can1_app.o(.bss)
    thumbwheel_motor_msg                     0x20004fb8   Data          80  can1_app.o(.bss)
    yaw_motor1_msg                           0x20005008   Data          80  can2_app.o(.bss)
    yaw_motor2_msg                           0x20005058   Data          80  can2_app.o(.bss)
    judge_manegement                         0x200050a8   Data          40  judge.o(.bss)
    game_status                              0x200050d0   Data          11  judge.o(.bss)
    robot_status                             0x200050dc   Data          30  judge.o(.bss)
    power_heat                               0x200050fa   Data          16  judge.o(.bss)
    rc_ctrl_data                             0x2000510a   Data          24  remote_app.o(.bss)
    Infantry                                 0x20005124   Data          20  rule.o(.bss)
    chassis_control_data                     0x20005138   Data         132  chassis_task.o(.bss)
    chassis_pid                              0x200051bc   Data         432  chassis_task.o(.bss)
    rc_analog_key                            0x2000536c   Data          12  gui_task.o(.bss)
    CliendTxBuffer                           0x20005378   Data         200  test_task.o(.bss)
    ShowData                                 0x20005440   Data          36  test_task.o(.bss)
    __initial_sp                             0x20005868   Data           0  startup_stm32f427xx.o(STACK)



==============================================================================

Memory Map of the image

  Image Entry point : 0x080001ad

  Load Region LR_IROM1 (Base: 0x08000000, Size: 0x00009df4, Max: 0x00200000, ABSOLUTE, COMPRESSED[0x00009cb0])

    Execution Region ER_IROM1 (Exec base: 0x08000000, Load base: 0x08000000, Size: 0x00009c60, Max: 0x00200000, ABSOLUTE)

    Exec Addr    Load Addr    Size         Type   Attr      Idx    E Section Name        Object

    0x08000000   0x08000000   0x000001ac   Data   RO         6725    RESET               startup_stm32f427xx.o
    0x080001ac   0x080001ac   0x00000000   Code   RO         6754  * .ARM.Collect$$$$00000000  mc_w.l(entry.o)
    0x080001ac   0x080001ac   0x00000004   Code   RO         7085    .ARM.Collect$$$$00000001  mc_w.l(entry2.o)
    0x080001b0   0x080001b0   0x00000004   Code   RO         7088    .ARM.Collect$$$$00000004  mc_w.l(entry5.o)
    0x080001b4   0x080001b4   0x00000000   Code   RO         7090    .ARM.Collect$$$$00000008  mc_w.l(entry7b.o)
    0x080001b4   0x080001b4   0x00000000   Code   RO         7092    .ARM.Collect$$$$0000000A  mc_w.l(entry8b.o)
    0x080001b4   0x080001b4   0x00000008   Code   RO         7093    .ARM.Collect$$$$0000000B  mc_w.l(entry9a.o)
    0x080001bc   0x080001bc   0x00000004   Code   RO         7100    .ARM.Collect$$$$0000000E  mc_w.l(entry12b.o)
    0x080001c0   0x080001c0   0x00000000   Code   RO         7095    .ARM.Collect$$$$0000000F  mc_w.l(entry10a.o)
    0x080001c0   0x080001c0   0x00000000   Code   RO         7097    .ARM.Collect$$$$00000011  mc_w.l(entry11a.o)
    0x080001c0   0x080001c0   0x00000004   Code   RO         7086    .ARM.Collect$$$$00002712  mc_w.l(entry2.o)
    0x080001c4   0x080001c4   0x000000be   Code   RO         5465    .emb_text           port.o
    0x08000282   0x08000282   0x00000002   PAD
    0x08000284   0x08000284   0x00000024   Code   RO         6726    .text               startup_stm32f427xx.o
    0x080002a8   0x080002a8   0x00000062   Code   RO         6757    .text               mc_w.l(uldiv.o)
    0x0800030a   0x0800030a   0x00000002   PAD
    0x0800030c   0x0800030c   0x00000024   Code   RO         6759    .text               mc_w.l(rand.o)
    0x08000330   0x08000330   0x00000024   Code   RO         6762    .text               mc_w.l(memcpya.o)
    0x08000354   0x08000354   0x00000024   Code   RO         6766    .text               mc_w.l(memseta.o)
    0x08000378   0x08000378   0x00000018   Code   RO         6768    .text               mc_w.l(strcat.o)
    0x08000390   0x08000390   0x0000001a   Code   RO         7037    .text               mc_w.l(atoi.o)
    0x080003aa   0x080003aa   0x0000014e   Code   RO         7039    .text               mf_w.l(dadd.o)
    0x080004f8   0x080004f8   0x000000e4   Code   RO         7041    .text               mf_w.l(dmul.o)
    0x080005dc   0x080005dc   0x000000de   Code   RO         7043    .text               mf_w.l(ddiv.o)
    0x080006ba   0x080006ba   0x00000022   Code   RO         7045    .text               mf_w.l(dflti.o)
    0x080006dc   0x080006dc   0x0000001a   Code   RO         7047    .text               mf_w.l(dfltui.o)
    0x080006f6   0x080006f6   0x0000003e   Code   RO         7049    .text               mf_w.l(dfixi.o)
    0x08000734   0x08000734   0x00000032   Code   RO         7051    .text               mf_w.l(dfixui.o)
    0x08000766   0x08000766   0x00000026   Code   RO         7053    .text               mf_w.l(f2d.o)
    0x0800078c   0x0800078c   0x00000038   Code   RO         7055    .text               mf_w.l(d2f.o)
    0x080007c4   0x080007c4   0x0000002c   Code   RO         7101    .text               mc_w.l(uidiv.o)
    0x080007f0   0x080007f0   0x0000001e   Code   RO         7103    .text               mc_w.l(llshl.o)
    0x0800080e   0x0800080e   0x00000020   Code   RO         7105    .text               mc_w.l(llushr.o)
    0x0800082e   0x0800082e   0x00000024   Code   RO         7107    .text               mc_w.l(llsshr.o)
    0x08000852   0x08000852   0x00000070   Code   RO         7116    .text               mc_w.l(strtol.o)
    0x080008c2   0x080008c2   0x00000000   Code   RO         7118    .text               mc_w.l(iusefp.o)
    0x080008c2   0x080008c2   0x0000006e   Code   RO         7119    .text               mf_w.l(fepilogue.o)
    0x08000930   0x08000930   0x000000ba   Code   RO         7121    .text               mf_w.l(depilogue.o)
    0x080009ea   0x080009ea   0x00000002   PAD
    0x080009ec   0x080009ec   0x00000024   Code   RO         7139    .text               mc_w.l(init.o)
    0x08000a10   0x08000a10   0x00000008   Code   RO         7141    .text               mc_w.l(ctype_o.o)
    0x08000a18   0x08000a18   0x0000009e   Code   RO         7169    .text               mc_w.l(_strtoul.o)
    0x08000ab6   0x08000ab6   0x0000001c   Code   RO         7171    .text               mc_w.l(_chval.o)
    0x08000ad2   0x08000ad2   0x0000003a   Code   RO         7181    .text               mc_w.l(__dczerorl.o)
    0x08000b0c   0x08000b0c   0x0000000c   Code   RO          626    i.ADC_IRQHandler    stm32f4xx_it.o
    0x08000b18   0x08000b18   0x00000128   Code   RO          840    i.ADC_Init          stm32f4xx_hal_adc.o
    0x08000c40   0x08000c40   0x00000022   Code   RO         6111    i.Append_CRC16_Check_Sum  judge.o
    0x08000c62   0x08000c62   0x00000020   Code   RO         6112    i.Append_CRC8_Check_Sum  judge.o
    0x08000c82   0x08000c82   0x00000002   Code   RO          627    i.BusFault_Handler  stm32f4xx_it.o
    0x08000c84   0x08000c84   0x0000000c   Code   RO          628    i.CAN1_RX0_IRQHandler  stm32f4xx_it.o
    0x08000c90   0x08000c90   0x0000000c   Code   RO          629    i.CAN1_RX1_IRQHandler  stm32f4xx_it.o
    0x08000c9c   0x08000c9c   0x0000000c   Code   RO          630    i.CAN1_TX_IRQHandler  stm32f4xx_it.o
    0x08000ca8   0x08000ca8   0x0000000c   Code   RO          631    i.CAN2_RX0_IRQHandler  stm32f4xx_it.o
    0x08000cb4   0x08000cb4   0x0000000c   Code   RO          632    i.CAN2_RX1_IRQHandler  stm32f4xx_it.o
    0x08000cc0   0x08000cc0   0x0000000c   Code   RO          633    i.CAN2_TX_IRQHandler  stm32f4xx_it.o
    0x08000ccc   0x08000ccc   0x00000064   Code   RO          388    i.CAN_APP_INIT      can.o
    0x08000d30   0x08000d30   0x0000000c   Code   RO          634    i.DMA1_Stream1_IRQHandler  stm32f4xx_it.o
    0x08000d3c   0x08000d3c   0x0000000c   Code   RO          635    i.DMA1_Stream3_IRQHandler  stm32f4xx_it.o
    0x08000d48   0x08000d48   0x00000028   Code   RO         1623    i.DMA_CalcBaseAndBitshift  stm32f4xx_hal_dma.o
    0x08000d70   0x08000d70   0x00000054   Code   RO         1624    i.DMA_CheckFifoParam  stm32f4xx_hal_dma.o
    0x08000dc4   0x08000dc4   0x00000028   Code   RO         1625    i.DMA_SetConfig     stm32f4xx_hal_dma.o
    0x08000dec   0x08000dec   0x00000002   Code   RO          636    i.DebugMon_Handler  stm32f4xx_it.o
    0x08000dee   0x08000dee   0x00000002   PAD
    0x08000df0   0x08000df0   0x00000064   Code   RO         6667    i.Display_int       test_task.o
    0x08000e54   0x08000e54   0x00000004   Code   RO            4    i.Error_Handler     main.o
    0x08000e58   0x08000e58   0x0000014c   Code   RO         6533    i.GUI_interaction   gui_task.o
    0x08000fa4   0x08000fa4   0x00000012   Code   RO         6534    i.GUI_task          gui_task.o
    0x08000fb6   0x08000fb6   0x00000002   PAD
    0x08000fb8   0x08000fb8   0x000000f0   Code   RO         6535    i.GYRO_ch23_message  gui_task.o
    0x080010a8   0x080010a8   0x0000002c   Code   RO         6113    i.Get_CRC16_Check_Sum  judge.o
    0x080010d4   0x080010d4   0x00000020   Code   RO         6114    i.Get_CRC8_Check_Sum  judge.o
    0x080010f4   0x080010f4   0x00000002   Code   RO         1011    i.HAL_ADCEx_InjectedConvCpltCallback  stm32f4xx_hal_adc_ex.o
    0x080010f6   0x080010f6   0x00000002   PAD
    0x080010f8   0x080010f8   0x00000164   Code   RO          842    i.HAL_ADC_ConfigChannel  stm32f4xx_hal_adc.o
    0x0800125c   0x0800125c   0x00000002   Code   RO          843    i.HAL_ADC_ConvCpltCallback  stm32f4xx_hal_adc.o
    0x0800125e   0x0800125e   0x00000002   Code   RO          846    i.HAL_ADC_ErrorCallback  stm32f4xx_hal_adc.o
    0x08001260   0x08001260   0x00000006   Code   RO          849    i.HAL_ADC_GetValue  stm32f4xx_hal_adc.o
    0x08001266   0x08001266   0x0000013c   Code   RO          850    i.HAL_ADC_IRQHandler  stm32f4xx_hal_adc.o
    0x080013a2   0x080013a2   0x00000054   Code   RO          851    i.HAL_ADC_Init      stm32f4xx_hal_adc.o
    0x080013f6   0x080013f6   0x00000002   Code   RO          852    i.HAL_ADC_LevelOutOfWindowCallback  stm32f4xx_hal_adc.o
    0x080013f8   0x080013f8   0x00000070   Code   RO          333    i.HAL_ADC_MspInit   adc.o
    0x08001468   0x08001468   0x000000a2   Code   RO          855    i.HAL_ADC_PollForConversion  stm32f4xx_hal_adc.o
    0x0800150a   0x0800150a   0x00000002   PAD
    0x0800150c   0x0800150c   0x000000ec   Code   RO          857    i.HAL_ADC_Start     stm32f4xx_hal_adc.o
    0x080015f8   0x080015f8   0x00000024   Code   RO         2327    i.HAL_CAN_ActivateNotification  stm32f4xx_hal_can.o
    0x0800161c   0x0800161c   0x000000dc   Code   RO         2328    i.HAL_CAN_AddTxMessage  stm32f4xx_hal_can.o
    0x080016f8   0x080016f8   0x0000010c   Code   RO         2329    i.HAL_CAN_ConfigFilter  stm32f4xx_hal_can.o
    0x08001804   0x08001804   0x00000002   Code   RO         2332    i.HAL_CAN_ErrorCallback  stm32f4xx_hal_can.o
    0x08001806   0x08001806   0x000000e8   Code   RO         2335    i.HAL_CAN_GetRxMessage  stm32f4xx_hal_can.o
    0x080018ee   0x080018ee   0x000001fc   Code   RO         2339    i.HAL_CAN_IRQHandler  stm32f4xx_hal_can.o
    0x08001aea   0x08001aea   0x0000011a   Code   RO         2340    i.HAL_CAN_Init      stm32f4xx_hal_can.o
    0x08001c04   0x08001c04   0x0000013c   Code   RO          390    i.HAL_CAN_MspInit   can.o
    0x08001d40   0x08001d40   0x00000002   Code   RO         2347    i.HAL_CAN_RxFifo0FullCallback  stm32f4xx_hal_can.o
    0x08001d42   0x08001d42   0x00000002   PAD
    0x08001d44   0x08001d44   0x0000005c   Code   RO          391    i.HAL_CAN_RxFifo0MsgPendingCallback  can.o
    0x08001da0   0x08001da0   0x00000002   Code   RO         2349    i.HAL_CAN_RxFifo1FullCallback  stm32f4xx_hal_can.o
    0x08001da2   0x08001da2   0x00000002   Code   RO         2350    i.HAL_CAN_RxFifo1MsgPendingCallback  stm32f4xx_hal_can.o
    0x08001da4   0x08001da4   0x00000002   Code   RO         2351    i.HAL_CAN_SleepCallback  stm32f4xx_hal_can.o
    0x08001da6   0x08001da6   0x00000002   PAD
    0x08001da8   0x08001da8   0x00000058   Code   RO         2352    i.HAL_CAN_Start     stm32f4xx_hal_can.o
    0x08001e00   0x08001e00   0x00000002   Code   RO         2354    i.HAL_CAN_TxMailbox0AbortCallback  stm32f4xx_hal_can.o
    0x08001e02   0x08001e02   0x00000002   Code   RO         2355    i.HAL_CAN_TxMailbox0CompleteCallback  stm32f4xx_hal_can.o
    0x08001e04   0x08001e04   0x00000002   Code   RO         2356    i.HAL_CAN_TxMailbox1AbortCallback  stm32f4xx_hal_can.o
    0x08001e06   0x08001e06   0x00000002   Code   RO         2357    i.HAL_CAN_TxMailbox1CompleteCallback  stm32f4xx_hal_can.o
    0x08001e08   0x08001e08   0x00000002   Code   RO         2358    i.HAL_CAN_TxMailbox2AbortCallback  stm32f4xx_hal_can.o
    0x08001e0a   0x08001e0a   0x00000002   Code   RO         2359    i.HAL_CAN_TxMailbox2CompleteCallback  stm32f4xx_hal_can.o
    0x08001e0c   0x08001e0c   0x00000002   Code   RO         2361    i.HAL_CAN_WakeUpFromRxMsgCallback  stm32f4xx_hal_can.o
    0x08001e0e   0x08001e0e   0x0000008e   Code   RO         1626    i.HAL_DMA_Abort     stm32f4xx_hal_dma.o
    0x08001e9c   0x08001e9c   0x00000024   Code   RO         1627    i.HAL_DMA_Abort_IT  stm32f4xx_hal_dma.o
    0x08001ec0   0x08001ec0   0x000001a0   Code   RO         1631    i.HAL_DMA_IRQHandler  stm32f4xx_hal_dma.o
    0x08002060   0x08002060   0x000000d4   Code   RO         1632    i.HAL_DMA_Init      stm32f4xx_hal_dma.o
    0x08002134   0x08002134   0x0000006e   Code   RO         1636    i.HAL_DMA_Start_IT  stm32f4xx_hal_dma.o
    0x080021a2   0x080021a2   0x00000002   PAD
    0x080021a4   0x080021a4   0x000001d4   Code   RO         1519    i.HAL_GPIO_Init     stm32f4xx_hal_gpio.o
    0x08002378   0x08002378   0x0000000a   Code   RO         1523    i.HAL_GPIO_WritePin  stm32f4xx_hal_gpio.o
    0x08002382   0x08002382   0x00000002   PAD
    0x08002384   0x08002384   0x0000000c   Code   RO         2071    i.HAL_GetTick       stm32f4xx_hal.o
    0x08002390   0x08002390   0x00000010   Code   RO         2077    i.HAL_IncTick       stm32f4xx_hal.o
    0x080023a0   0x080023a0   0x00000034   Code   RO         2078    i.HAL_Init          stm32f4xx_hal.o
    0x080023d4   0x080023d4   0x00000074   Code   RO          798    i.HAL_InitTick      stm32f4xx_hal_timebase_tim.o
    0x08002448   0x08002448   0x00000038   Code   RO          774    i.HAL_MspInit       stm32f4xx_hal_msp.o
    0x08002480   0x08002480   0x0000001a   Code   RO         1926    i.HAL_NVIC_EnableIRQ  stm32f4xx_hal_cortex.o
    0x0800249a   0x0800249a   0x00000002   PAD
    0x0800249c   0x0800249c   0x00000040   Code   RO         1932    i.HAL_NVIC_SetPriority  stm32f4xx_hal_cortex.o
    0x080024dc   0x080024dc   0x00000024   Code   RO         1933    i.HAL_NVIC_SetPriorityGrouping  stm32f4xx_hal_cortex.o
    0x08002500   0x08002500   0x00000070   Code   RO         1855    i.HAL_PWREx_EnableOverDrive  stm32f4xx_hal_pwr_ex.o
    0x08002570   0x08002570   0x00000134   Code   RO         1113    i.HAL_RCC_ClockConfig  stm32f4xx_hal_rcc.o
    0x080026a4   0x080026a4   0x00000040   Code   RO         1117    i.HAL_RCC_GetClockConfig  stm32f4xx_hal_rcc.o
    0x080026e4   0x080026e4   0x00000020   Code   RO         1120    i.HAL_RCC_GetPCLK1Freq  stm32f4xx_hal_rcc.o
    0x08002704   0x08002704   0x00000020   Code   RO         1121    i.HAL_RCC_GetPCLK2Freq  stm32f4xx_hal_rcc.o
    0x08002724   0x08002724   0x00000064   Code   RO         1122    i.HAL_RCC_GetSysClockFreq  stm32f4xx_hal_rcc.o
    0x08002788   0x08002788   0x0000035c   Code   RO         1125    i.HAL_RCC_OscConfig  stm32f4xx_hal_rcc.o
    0x08002ae4   0x08002ae4   0x00000018   Code   RO         1935    i.HAL_SYSTICK_CLKSourceConfig  stm32f4xx_hal_cortex.o
    0x08002afc   0x08002afc   0x00000002   Code   RO         3237    i.HAL_TIMEx_BreakCallback  stm32f4xx_hal_tim_ex.o
    0x08002afe   0x08002afe   0x00000002   Code   RO         3238    i.HAL_TIMEx_CommutCallback  stm32f4xx_hal_tim_ex.o
    0x08002b00   0x08002b00   0x00000090   Code   RO         3255    i.HAL_TIMEx_MasterConfigSynchronization  stm32f4xx_hal_tim_ex.o
    0x08002b90   0x08002b90   0x00000036   Code   RO         2562    i.HAL_TIM_Base_Init  stm32f4xx_hal_tim.o
    0x08002bc6   0x08002bc6   0x00000002   PAD
    0x08002bc8   0x08002bc8   0x0000008c   Code   RO          479    i.HAL_TIM_Base_MspInit  tim.o
    0x08002c54   0x08002c54   0x00000022   Code   RO         2567    i.HAL_TIM_Base_Start_IT  stm32f4xx_hal_tim.o
    0x08002c76   0x08002c76   0x000000d6   Code   RO         2571    i.HAL_TIM_ConfigClockSource  stm32f4xx_hal_tim.o
    0x08002d4c   0x08002d4c   0x00000002   Code   RO         2591    i.HAL_TIM_IC_CaptureCallback  stm32f4xx_hal_tim.o
    0x08002d4e   0x08002d4e   0x00000166   Code   RO         2605    i.HAL_TIM_IRQHandler  stm32f4xx_hal_tim.o
    0x08002eb4   0x08002eb4   0x00000068   Code   RO          480    i.HAL_TIM_MspPostInit  tim.o
    0x08002f1c   0x08002f1c   0x00000002   Code   RO         2608    i.HAL_TIM_OC_DelayElapsedCallback  stm32f4xx_hal_tim.o
    0x08002f1e   0x08002f1e   0x000000d0   Code   RO         2629    i.HAL_TIM_PWM_ConfigChannel  stm32f4xx_hal_tim.o
    0x08002fee   0x08002fee   0x00000036   Code   RO         2632    i.HAL_TIM_PWM_Init  stm32f4xx_hal_tim.o
    0x08003024   0x08003024   0x00000002   Code   RO         2634    i.HAL_TIM_PWM_MspInit  stm32f4xx_hal_tim.o
    0x08003026   0x08003026   0x00000002   Code   RO         2635    i.HAL_TIM_PWM_PulseFinishedCallback  stm32f4xx_hal_tim.o
    0x08003028   0x08003028   0x00000044   Code   RO         2637    i.HAL_TIM_PWM_Start  stm32f4xx_hal_tim.o
    0x0800306c   0x0800306c   0x0000004c   Code   RO            5    i.HAL_TIM_PeriodElapsedCallback  main.o
    0x080030b8   0x080030b8   0x00000002   Code   RO         2648    i.HAL_TIM_TriggerCallback  stm32f4xx_hal_tim.o
    0x080030ba   0x080030ba   0x00000058   Code   RO         3507    i.HAL_UART_DMAStop  stm32f4xx_hal_uart.o
    0x08003112   0x08003112   0x00000002   Code   RO         3509    i.HAL_UART_ErrorCallback  stm32f4xx_hal_uart.o
    0x08003114   0x08003114   0x00000114   Code   RO         3512    i.HAL_UART_IRQHandler  stm32f4xx_hal_uart.o
    0x08003228   0x08003228   0x00000062   Code   RO         3513    i.HAL_UART_Init     stm32f4xx_hal_uart.o
    0x0800328a   0x0800328a   0x00000002   PAD
    0x0800328c   0x0800328c   0x000001a8   Code   RO          564    i.HAL_UART_MspInit  usart.o
    0x08003434   0x08003434   0x00000098   Code   RO         3517    i.HAL_UART_Receive_DMA  stm32f4xx_hal_uart.o
    0x080034cc   0x080034cc   0x00000002   Code   RO         3519    i.HAL_UART_RxCpltCallback  stm32f4xx_hal_uart.o
    0x080034ce   0x080034ce   0x00000002   Code   RO         3520    i.HAL_UART_RxHalfCpltCallback  stm32f4xx_hal_uart.o
    0x080034d0   0x080034d0   0x000000ba   Code   RO         3521    i.HAL_UART_Transmit  stm32f4xx_hal_uart.o
    0x0800358a   0x0800358a   0x00000002   Code   RO         3524    i.HAL_UART_TxCpltCallback  stm32f4xx_hal_uart.o
    0x0800358c   0x0800358c   0x00000002   Code   RO          637    i.HardFault_Handler  stm32f4xx_it.o
    0x0800358e   0x0800358e   0x00000002   PAD
    0x08003590   0x08003590   0x00000078   Code   RO         5694    i.LEDPIN_Init       oled.o
    0x08003608   0x08003608   0x00000014   Code   RO         5697    i.LED_DLY_ms        oled.o
    0x0800361c   0x0800361c   0x00000038   Code   RO         5698    i.LED_Fill          oled.o
    0x08003654   0x08003654   0x00000098   Code   RO         5699    i.LED_Init          oled.o
    0x080036ec   0x080036ec   0x00000034   Code   RO         5701    i.LED_P6x8Char      oled.o
    0x08003720   0x08003720   0x0000005c   Code   RO         5702    i.LED_P6x8Str       oled.o
    0x0800377c   0x0800377c   0x00000066   Code   RO         5706    i.LED_PrintValueC   oled.o
    0x080037e2   0x080037e2   0x00000002   PAD
    0x080037e4   0x080037e4   0x000001e8   Code   RO         5707    i.LED_PrintValueF   oled.o
    0x080039cc   0x080039cc   0x000000e2   Code   RO         5708    i.LED_PrintValueFP  oled.o
    0x08003aae   0x08003aae   0x000000aa   Code   RO         5709    i.LED_PrintValueI   oled.o
    0x08003b58   0x08003b58   0x00000022   Code   RO         5712    i.LED_Set_Pos       oled.o
    0x08003b7a   0x08003b7a   0x00000002   PAD
    0x08003b7c   0x08003b7c   0x00000044   Code   RO         5713    i.LED_WrCmd         oled.o
    0x08003bc0   0x08003bc0   0x00000044   Code   RO         5714    i.LED_WrDat         oled.o
    0x08003c04   0x08003c04   0x00000030   Code   RO         6536    i.LED_blink         gui_task.o
    0x08003c34   0x08003c34   0x00000064   Code   RO          334    i.MX_ADC1_Init      adc.o
    0x08003c98   0x08003c98   0x00000040   Code   RO          392    i.MX_CAN1_Init      can.o
    0x08003cd8   0x08003cd8   0x00000040   Code   RO          393    i.MX_CAN2_Init      can.o
    0x08003d18   0x08003d18   0x0000003c   Code   RO          454    i.MX_DMA_Init       dma.o
    0x08003d54   0x08003d54   0x00000030   Code   RO          266    i.MX_FREERTOS_Init  freertos.o
    0x08003d84   0x08003d84   0x000000fc   Code   RO          242    i.MX_GPIO_Init      gpio.o
    0x08003e80   0x08003e80   0x00000064   Code   RO          481    i.MX_TIM3_Init      tim.o
    0x08003ee4   0x08003ee4   0x000000ac   Code   RO          482    i.MX_TIM4_Init      tim.o
    0x08003f90   0x08003f90   0x00000048   Code   RO          483    i.MX_TIM7_Init      tim.o
    0x08003fd8   0x08003fd8   0x00000038   Code   RO          565    i.MX_USART1_UART_Init  usart.o
    0x08004010   0x08004010   0x00000038   Code   RO          566    i.MX_USART3_UART_Init  usart.o
    0x08004048   0x08004048   0x00000038   Code   RO          567    i.MX_USART6_UART_Init  usart.o
    0x08004080   0x08004080   0x00000002   Code   RO          638    i.MemManage_Handler  stm32f4xx_it.o
    0x08004082   0x08004082   0x00000002   PAD
    0x08004084   0x08004084   0x0000013c   Code   RO         6537    i.Motor_message     gui_task.o
    0x080041c0   0x080041c0   0x00000190   Code   RO         6538    i.Motor_test        gui_task.o
    0x08004350   0x08004350   0x00000002   Code   RO          639    i.NMI_Handler       stm32f4xx_it.o
    0x08004352   0x08004352   0x00000002   PAD
    0x08004354   0x08004354   0x00000018   Code   RO         6668    i.Operator_ID       test_task.o
    0x0800436c   0x0800436c   0x000000dc   Code   RO         5664    i.PID_Calc          pid.o
    0x08004448   0x08004448   0x00000028   Code   RO         5665    i.PID_Reset         pid.o
    0x08004470   0x08004470   0x0000000a   Code   RO         6318    i.RC_abs            chassis_task.o
    0x0800447a   0x0800447a   0x00000002   PAD
    0x0800447c   0x0800447c   0x000000d8   Code   RO         6539    i.Robot_message     gui_task.o
    0x08004554   0x08004554   0x00000014   Code   RO         5716    i.SetAddressingMode  oled.o
    0x08004568   0x08004568   0x00000014   Code   RO         5718    i.SetContrastControl  oled.o
    0x0800457c   0x0800457c   0x00000008   Code   RO         5721    i.SetStartLine      oled.o
    0x08004584   0x08004584   0x00000016   Code   RO         5723    i.Set_Charge_Pump   oled.o
    0x0800459a   0x0800459a   0x00000016   Code   RO         5724    i.Set_Common_Config  oled.o
    0x080045b0   0x080045b0   0x00000008   Code   RO         5725    i.Set_Common_Remap  oled.o
    0x080045b8   0x080045b8   0x00000014   Code   RO         5726    i.Set_Display_Clock  oled.o
    0x080045cc   0x080045cc   0x00000014   Code   RO         5727    i.Set_Display_Offset  oled.o
    0x080045e0   0x080045e0   0x00000008   Code   RO         5728    i.Set_Display_On_Off  oled.o
    0x080045e8   0x080045e8   0x00000008   Code   RO         5729    i.Set_Entire_Display  oled.o
    0x080045f0   0x080045f0   0x00000008   Code   RO         5730    i.Set_Inverse_Display  oled.o
    0x080045f8   0x080045f8   0x00000014   Code   RO         5731    i.Set_Multiplex_Ratio  oled.o
    0x0800460c   0x0800460c   0x00000014   Code   RO         5733    i.Set_Precharge_Period  oled.o
    0x08004620   0x08004620   0x00000008   Code   RO         5734    i.Set_Segment_Remap  oled.o
    0x08004628   0x08004628   0x00000014   Code   RO         5735    i.Set_VCOMH         oled.o
    0x0800463c   0x0800463c   0x0000007c   Code   RO         6669    i.Show_User_Data    test_task.o
    0x080046b8   0x080046b8   0x00000008   Code   RO          267    i.StartDefaultTask  freertos.o
    0x080046c0   0x080046c0   0x0000002c   Code   RO         5466    i.SysTick_Handler   port.o
    0x080046ec   0x080046ec   0x000000a0   Code   RO            6    i.SystemClock_Config  main.o
    0x0800478c   0x0800478c   0x0000001c   Code   RO         3815    i.SystemInit        system_stm32f4xx.o
    0x080047a8   0x080047a8   0x0000000c   Code   RO          640    i.TIM1_UP_TIM10_IRQHandler  stm32f4xx_it.o
    0x080047b4   0x080047b4   0x0000000c   Code   RO          641    i.TIM3_IRQHandler   stm32f4xx_it.o
    0x080047c0   0x080047c0   0x00000014   Code   RO          642    i.TIM7_IRQHandler   stm32f4xx_it.o
    0x080047d4   0x080047d4   0x000000c8   Code   RO         2650    i.TIM_Base_SetConfig  stm32f4xx_hal_tim.o
    0x0800489c   0x0800489c   0x0000001a   Code   RO         2651    i.TIM_CCxChannelCmd  stm32f4xx_hal_tim.o
    0x080048b6   0x080048b6   0x00000014   Code   RO         2661    i.TIM_ETR_SetConfig  stm32f4xx_hal_tim.o
    0x080048ca   0x080048ca   0x00000010   Code   RO         2662    i.TIM_ITRx_SetConfig  stm32f4xx_hal_tim.o
    0x080048da   0x080048da   0x00000002   PAD
    0x080048dc   0x080048dc   0x00000060   Code   RO         2663    i.TIM_OC1_SetConfig  stm32f4xx_hal_tim.o
    0x0800493c   0x0800493c   0x0000006c   Code   RO         2664    i.TIM_OC2_SetConfig  stm32f4xx_hal_tim.o
    0x080049a8   0x080049a8   0x00000068   Code   RO         2665    i.TIM_OC3_SetConfig  stm32f4xx_hal_tim.o
    0x08004a10   0x08004a10   0x00000050   Code   RO         2666    i.TIM_OC4_SetConfig  stm32f4xx_hal_tim.o
    0x08004a60   0x08004a60   0x00000022   Code   RO         2668    i.TIM_TI1_ConfigInputStage  stm32f4xx_hal_tim.o
    0x08004a82   0x08004a82   0x00000024   Code   RO         2670    i.TIM_TI2_ConfigInputStage  stm32f4xx_hal_tim.o
    0x08004aa6   0x08004aa6   0x00000010   Code   RO         3526    i.UART_DMAAbortOnError  stm32f4xx_hal_uart.o
    0x08004ab6   0x08004ab6   0x0000004a   Code   RO         3527    i.UART_DMAError     stm32f4xx_hal_uart.o
    0x08004b00   0x08004b00   0x0000003c   Code   RO         3528    i.UART_DMAReceiveCplt  stm32f4xx_hal_uart.o
    0x08004b3c   0x08004b3c   0x0000000a   Code   RO         3530    i.UART_DMARxHalfCplt  stm32f4xx_hal_uart.o
    0x08004b46   0x08004b46   0x0000001c   Code   RO         3536    i.UART_EndRxTransfer  stm32f4xx_hal_uart.o
    0x08004b62   0x08004b62   0x00000012   Code   RO         3537    i.UART_EndTxTransfer  stm32f4xx_hal_uart.o
    0x08004b74   0x08004b74   0x00000096   Code   RO         3538    i.UART_Receive_IT   stm32f4xx_hal_uart.o
    0x08004c0a   0x08004c0a   0x00000002   PAD
    0x08004c0c   0x08004c0c   0x00000128   Code   RO         3539    i.UART_SetConfig    stm32f4xx_hal_uart.o
    0x08004d34   0x08004d34   0x00000062   Code   RO         3540    i.UART_Transmit_IT  stm32f4xx_hal_uart.o
    0x08004d96   0x08004d96   0x00000064   Code   RO         3541    i.UART_WaitOnFlagUntilTimeout  stm32f4xx_hal_uart.o
    0x08004dfa   0x08004dfa   0x00000002   PAD
    0x08004dfc   0x08004dfc   0x0000000c   Code   RO          643    i.USART1_IRQHandler  stm32f4xx_it.o
    0x08004e08   0x08004e08   0x00000018   Code   RO          644    i.USART3_IRQHandler  stm32f4xx_it.o
    0x08004e20   0x08004e20   0x0000000c   Code   RO          645    i.USART6_IRQHandler  stm32f4xx_it.o
    0x08004e2c   0x08004e2c   0x00000050   Code   RO          568    i.USAR_UART_IDLECallback  usart.o
    0x08004e7c   0x08004e7c   0x00000002   Code   RO          646    i.UsageFault_Handler  stm32f4xx_it.o
    0x08004e7e   0x08004e7e   0x00000034   Code   RO         6115    i.Verify_CRC16_Check_Sum  judge.o
    0x08004eb2   0x08004eb2   0x0000002a   Code   RO         6116    i.Verify_CRC8_Check_Sum  judge.o
    0x08004edc   0x08004edc   0x00000028   Code   RO         6867    i.__0sprintf$3      mc_w.l(printf3.o)
    0x08004f04   0x08004f04   0x00000030   Code   RO         7135    i.__ARM_fpclassify  m_wm.l(fpclassify.o)
    0x08004f34   0x08004f34   0x00000020   Code   RO         1939    i.__NVIC_SetPriority  stm32f4xx_hal_cortex.o
    0x08004f54   0x08004f54   0x00000008   Code   RO         7109    i.__aeabi_errno_addr  mc_w.l(errno.o)
    0x08004f5c   0x08004f5c   0x00000004   PAD
    0x08004f60   0x08004f60   0x000000c8   Code   RO         6730    i.__hardfp_cos      m_wm.l(cos.o)
    0x08005028   0x08005028   0x000000c8   Code   RO         6742    i.__hardfp_sin      m_wm.l(sin.o)
    0x080050f0   0x080050f0   0x00000438   Code   RO         7074    i.__ieee754_rem_pio2  m_wm.l(rred.o)
    0x08005528   0x08005528   0x00000170   Code   RO         7057    i.__kernel_cos      m_wm.l(cos_i.o)
    0x08005698   0x08005698   0x000000f8   Code   RO         7137    i.__kernel_poly     m_wm.l(poly.o)
    0x08005790   0x08005790   0x00000130   Code   RO         7079    i.__kernel_sin      m_wm.l(sin_i.o)
    0x080058c0   0x080058c0   0x00000014   Code   RO         7061    i.__mathlib_dbl_infnan  m_wm.l(dunder.o)
    0x080058d4   0x080058d4   0x00000004   PAD
    0x080058d8   0x080058d8   0x00000020   Code   RO         7063    i.__mathlib_dbl_invalid  m_wm.l(dunder.o)
    0x080058f8   0x080058f8   0x00000020   Code   RO         7066    i.__mathlib_dbl_underflow  m_wm.l(dunder.o)
    0x08005918   0x08005918   0x0000000e   Code   RO         7175    i.__scatterload_copy  mc_w.l(handlers.o)
    0x08005926   0x08005926   0x00000002   Code   RO         7176    i.__scatterload_null  mc_w.l(handlers.o)
    0x08005928   0x08005928   0x0000000e   Code   RO         7177    i.__scatterload_zeroinit  mc_w.l(handlers.o)
    0x08005936   0x08005936   0x00000002   PAD
    0x08005938   0x08005938   0x0000000c   Code   RO         7111    i.__set_errno       mc_w.l(errno.o)
    0x08005944   0x08005944   0x000001b8   Code   RO         6872    i._printf_core      mc_w.l(printf3.o)
    0x08005afc   0x08005afc   0x0000000a   Code   RO         6874    i._sputc            mc_w.l(printf3.o)
    0x08005b06   0x08005b06   0x00000002   PAD
    0x08005b08   0x08005b08   0x00000078   Code   RO         6319    i.caculate_gimbal_angle  chassis_task.o
    0x08005b80   0x08005b80   0x00000044   Code   RO         5964    i.can1_message_progress  can1_app.o
    0x08005bc4   0x08005bc4   0x000000b0   Code   RO         6053    i.can2_message_progress  can2_app.o
    0x08005c74   0x08005c74   0x00000092   Code   RO         6320    i.chassis_control_loop  chassis_task.o
    0x08005d06   0x08005d06   0x00000002   PAD
    0x08005d08   0x08005d08   0x0000007c   Code   RO         6322    i.chassis_init      chassis_task.o
    0x08005d84   0x08005d84   0x000000d8   Code   RO         5965    i.chassis_motor_msg_process  can1_app.o
    0x08005e5c   0x08005e5c   0x00000086   Code   RO         6323    i.chassis_pid_calculate  chassis_task.o
    0x08005ee2   0x08005ee2   0x00000002   PAD
    0x08005ee4   0x08005ee4   0x00000040   Code   RO         6324    i.chassis_pid_init  chassis_task.o
    0x08005f24   0x08005f24   0x00000048   Code   RO         6440    i.chassis_pid_process  connect_task.o
    0x08005f6c   0x08005f6c   0x00000124   Code   RO         6275    i.chassis_power_limit  rule.o
    0x08006090   0x08006090   0x00000118   Code   RO         6325    i.chassis_set_and_fdb_update  chassis_task.o
    0x080061a8   0x080061a8   0x00000070   Code   RO         6326    i.chassis_task      chassis_task.o
    0x08006218   0x08006218   0x00000018   Code   RO          484    i.close_magazine    tim.o
    0x08006230   0x08006230   0x00000010   Code   RO          268    i.configureTimerForRunTimeStats  freertos.o
    0x08006240   0x08006240   0x00000074   Code   RO         6442    i.connect_gyro_data_process  connect_task.o
    0x080062b4   0x080062b4   0x0000001e   Code   RO         6443    i.connect_init      connect_task.o
    0x080062d2   0x080062d2   0x00000002   PAD
    0x080062d4   0x080062d4   0x00000058   Code   RO         6444    i.connect_rc_ctrl_process  connect_task.o
    0x0800632c   0x0800632c   0x0000001c   Code   RO         6445    i.connect_task      connect_task.o
    0x08006348   0x08006348   0x00000038   Code   RO         5546    i.delay_init        delay.o
    0x08006380   0x08006380   0x00000038   Code   RO         5547    i.delay_ms          delay.o
    0x080063b8   0x080063b8   0x00000034   Code   RO         5548    i.delay_us          delay.o
    0x080063ec   0x080063ec   0x00000074   Code   RO         4421    i.eTaskGetState     tasks.o
    0x08006460   0x08006460   0x00000018   Code   RO         7131    i.fabs              m_wm.l(fabs.o)
    0x08006478   0x08006478   0x00000020   Code   RO          485    i.freertos_run_tim3_configuration  tim.o
    0x08006498   0x08006498   0x0000000c   Code   RO          269    i.getRunTimeCounterValue  freertos.o
    0x080064a4   0x080064a4   0x00000038   Code   RO          335    i.get_adc1_value    adc.o
    0x080064dc   0x080064dc   0x00000010   Code   RO         6117    i.get_bullets_remaining  judge.o
    0x080064ec   0x080064ec   0x00000008   Code   RO         5966    i.get_cm1_msg_point  can1_app.o
    0x080064f4   0x080064f4   0x00000008   Code   RO         5967    i.get_cm2_msg_point  can1_app.o
    0x080064fc   0x080064fc   0x00000008   Code   RO         5968    i.get_cm3_msg_point  can1_app.o
    0x08006504   0x08006504   0x00000008   Code   RO         5969    i.get_cm4_msg_point  can1_app.o
    0x0800650c   0x0800650c   0x00000008   Code   RO         6446    i.get_connect_data_point  connect_task.o
    0x08006514   0x08006514   0x0000015c   Code   RO         6328    i.get_forward_back_value  chassis_task.o
    0x08006670   0x08006670   0x0000007c   Code   RO         6118    i.get_game_status   judge.o
    0x080066ec   0x080066ec   0x00000034   Code   RO         6119    i.get_power_heart   judge.o
    0x08006720   0x08006720   0x00000008   Code   RO         6231    i.get_rc_data_point  remote_app.o
    0x08006728   0x08006728   0x00000016   Code   RO         6122    i.get_robot_hurt    judge.o
    0x0800673e   0x0800673e   0x00000054   Code   RO         6123    i.get_robot_status  judge.o
    0x08006792   0x08006792   0x00000002   PAD
    0x08006794   0x08006794   0x000000c4   Code   RO         6329    i.get_rotate_value  chassis_task.o
    0x08006858   0x08006858   0x00000024   Code   RO         6124    i.get_shoot_infor   judge.o
    0x0800687c   0x0800687c   0x00000008   Code   RO         5970    i.get_thumbwheel_motor_msg_point  can1_app.o
    0x08006884   0x08006884   0x00000008   Code   RO         6054    i.get_yaw_motor1_msg_point  can2_app.o
    0x0800688c   0x0800688c   0x00000008   Code   RO         6055    i.get_yaw_motor2_msg_point  can2_app.o
    0x08006894   0x08006894   0x00000018   Code   RO         6276    i.hurt_init         rule.o
    0x080068ac   0x080068ac   0x00000068   Code   RO          336    i.key_scanf         adc.o
    0x08006914   0x08006914   0x00000090   Code   RO         6330    i.magazine_control  chassis_task.o
    0x080069a4   0x080069a4   0x00000054   Code   RO            7    i.main              main.o
    0x080069f8   0x080069f8   0x00000018   Code   RO          487    i.open_magazine     tim.o
    0x08006a10   0x08006a10   0x00000034   Code   RO         4986    i.osDelay           cmsis_os2.o
    0x08006a44   0x08006a44   0x00000034   Code   RO         5000    i.osKernelInitialize  cmsis_os2.o
    0x08006a78   0x08006a78   0x00000044   Code   RO         5001    i.osKernelLock      cmsis_os2.o
    0x08006abc   0x08006abc   0x0000003c   Code   RO         5003    i.osKernelStart     cmsis_os2.o
    0x08006af8   0x08006af8   0x00000054   Code   RO         5004    i.osKernelUnlock    cmsis_os2.o
    0x08006b4c   0x08006b4c   0x00000004   Code   RO         5031    i.osThreadGetId     cmsis_os2.o
    0x08006b50   0x08006b50   0x000000a4   Code   RO         5036    i.osThreadNew       cmsis_os2.o
    0x08006bf4   0x08006bf4   0x00000038   Code   RO         5037    i.osThreadResume    cmsis_os2.o
    0x08006c2c   0x08006c2c   0x00000038   Code   RO         5039    i.osThreadSuspend   cmsis_os2.o
    0x08006c64   0x08006c64   0x0000004c   Code   RO         5040    i.osThreadTerminate  cmsis_os2.o
    0x08006cb0   0x08006cb0   0x000000dc   Code   RO         6541    i.power_message     gui_task.o
    0x08006d8c   0x08006d8c   0x00000104   Code   RO         6125    i.process_judge_message  judge.o
    0x08006e90   0x08006e90   0x00000064   Code   RO         4423    i.prvAddCurrentTaskToDelayedList  tasks.o
    0x08006ef4   0x08006ef4   0x000000d0   Code   RO         4424    i.prvAddNewTaskToReadyList  tasks.o
    0x08006fc4   0x08006fc4   0x00000058   Code   RO         4820    i.prvCheckForValidListAndQueue  timers.o
    0x0800701c   0x0800701c   0x00000026   Code   RO         4020    i.prvCopyDataFromQueue  queue.o
    0x08007042   0x08007042   0x0000006c   Code   RO         4021    i.prvCopyDataToQueue  queue.o
    0x080070ae   0x080070ae   0x00000034   Code   RO         4425    i.prvDeleteTCB      tasks.o
    0x080070e2   0x080070e2   0x00000002   PAD
    0x080070e4   0x080070e4   0x0000004c   Code   RO         5416    i.prvHeapInit       heap_4.o
    0x08007130   0x08007130   0x00000060   Code   RO         4426    i.prvIdleTask       tasks.o
    0x08007190   0x08007190   0x00000022   Code   RO         4023    i.prvInitialiseNewQueue  queue.o
    0x080071b2   0x080071b2   0x000000b6   Code   RO         4427    i.prvInitialiseNewTask  tasks.o
    0x08007268   0x08007268   0x0000004c   Code   RO         5417    i.prvInsertBlockIntoFreeList  heap_4.o
    0x080072b4   0x080072b4   0x00000038   Code   RO         4822    i.prvInsertTimerInActiveList  timers.o
    0x080072ec   0x080072ec   0x0000001c   Code   RO         4024    i.prvIsQueueEmpty   queue.o
    0x08007308   0x08007308   0x000000fc   Code   RO         4823    i.prvProcessReceivedCommands  timers.o
    0x08007404   0x08007404   0x000000c0   Code   RO         4824    i.prvProcessTimerOrBlockTask  timers.o
    0x080074c4   0x080074c4   0x00000020   Code   RO         4429    i.prvResetNextTaskUnblockTime  tasks.o
    0x080074e4   0x080074e4   0x00000028   Code   RO         4825    i.prvSampleTimeNow  timers.o
    0x0800750c   0x0800750c   0x0000006c   Code   RO         4826    i.prvSwitchTimerLists  timers.o
    0x08007578   0x08007578   0x00000028   Code   RO         5467    i.prvTaskExitError  port.o
    0x080075a0   0x080075a0   0x00000034   Code   RO         4432    i.prvTaskIsTaskSuspended  tasks.o
    0x080075d4   0x080075d4   0x00000024   Code   RO         4827    i.prvTimerTask      timers.o
    0x080075f8   0x080075f8   0x0000006a   Code   RO         4025    i.prvUnlockQueue    queue.o
    0x08007662   0x08007662   0x00000002   PAD
    0x08007664   0x08007664   0x000000d8   Code   RO         5418    i.pvPortMalloc      heap_4.o
    0x0800773c   0x0800773c   0x0000002c   Code   RO         5468    i.pxPortInitialiseStack  port.o
    0x08007768   0x08007768   0x0000001c   Code   RO         6542    i.rc_analoy_key_init  gui_task.o
    0x08007784   0x08007784   0x0000004c   Code   RO         6277    i.robot_hurt_analysis  rule.o
    0x080077d0   0x080077d0   0x0000017c   Code   RO         6332    i.rotate_motion_mode_process  chassis_task.o
    0x0800794c   0x0800794c   0x00000058   Code   RO         6056    i.send_shoot_42mm_data  can2_app.o
    0x080079a4   0x080079a4   0x00000074   Code   RO         6057    i.send_shoot_judge_data  can2_app.o
    0x08007a18   0x08007a18   0x00000048   Code   RO         6333    i.set_GUI_task_state  chassis_task.o
    0x08007a60   0x08007a60   0x00000048   Code   RO         5971    i.set_chassis_behaviour  can1_app.o
    0x08007aa8   0x08007aa8   0x0000003c   Code   RO         5972    i.set_chassis_power  can1_app.o
    0x08007ae4   0x08007ae4   0x0000003c   Code   RO         5973    i.set_chassis_stop  can1_app.o
    0x08007b20   0x08007b20   0x0000003c   Code   RO         5974    i.set_thumbwheel_behaviour  can1_app.o
    0x08007b5c   0x08007b5c   0x00000120   Code   RO         6543    i.shoot_message     gui_task.o
    0x08007c7c   0x08007c7c   0x00000068   Code   RO         6630    i.start_task        start_task.o
    0x08007ce4   0x08007ce4   0x0000000c   Code   RO         6670    i.test_task         test_task.o
    0x08007cf0   0x08007cf0   0x00000026   Code   RO         3980    i.uxListRemove      list.o
    0x08007d16   0x08007d16   0x00000002   PAD
    0x08007d18   0x08007d18   0x00000014   Code   RO         5048    i.vApplicationGetIdleTaskMemory  cmsis_os2.o
    0x08007d2c   0x08007d2c   0x00000018   Code   RO         5049    i.vApplicationGetTimerTaskMemory  cmsis_os2.o
    0x08007d44   0x08007d44   0x00000016   Code   RO         3981    i.vListInitialise   list.o
    0x08007d5a   0x08007d5a   0x00000006   Code   RO         3982    i.vListInitialiseItem  list.o
    0x08007d60   0x08007d60   0x00000030   Code   RO         3983    i.vListInsert       list.o
    0x08007d90   0x08007d90   0x00000018   Code   RO         3984    i.vListInsertEnd    list.o
    0x08007da8   0x08007da8   0x00000040   Code   RO         5470    i.vPortEnterCritical  port.o
    0x08007de8   0x08007de8   0x00000028   Code   RO         5471    i.vPortExitCritical  port.o
    0x08007e10   0x08007e10   0x0000005c   Code   RO         5419    i.vPortFree         heap_4.o
    0x08007e6c   0x08007e6c   0x00000024   Code   RO         5472    i.vPortSetupTimerInterrupt  port.o
    0x08007e90   0x08007e90   0x00000054   Code   RO         5473    i.vPortValidateInterruptPriority  port.o
    0x08007ee4   0x08007ee4   0x00000028   Code   RO         4031    i.vQueueAddToRegistry  queue.o
    0x08007f0c   0x08007f0c   0x00000044   Code   RO         4035    i.vQueueWaitForMessageRestricted  queue.o
    0x08007f50   0x08007f50   0x0000004c   Code   RO         4444    i.vTaskDelay        tasks.o
    0x08007f9c   0x08007f9c   0x0000008c   Code   RO         4445    i.vTaskDelayUntil   tasks.o
    0x08008028   0x08008028   0x00000090   Code   RO         4446    i.vTaskDelete       tasks.o
    0x080080b8   0x080080b8   0x00000010   Code   RO         4450    i.vTaskInternalSetTimeOutState  tasks.o
    0x080080c8   0x080080c8   0x0000000c   Code   RO         4452    i.vTaskMissedYield  tasks.o
    0x080080d4   0x080080d4   0x00000030   Code   RO         4454    i.vTaskPlaceOnEventList  tasks.o
    0x08008104   0x08008104   0x00000038   Code   RO         4455    i.vTaskPlaceOnEventListRestricted  tasks.o
    0x0800813c   0x0800813c   0x0000007c   Code   RO         4460    i.vTaskResume       tasks.o
    0x080081b8   0x080081b8   0x0000008c   Code   RO         4463    i.vTaskStartScheduler  tasks.o
    0x08008244   0x08008244   0x0000009c   Code   RO         4464    i.vTaskSuspend      tasks.o
    0x080082e0   0x080082e0   0x00000010   Code   RO         4465    i.vTaskSuspendAll   tasks.o
    0x080082f0   0x080082f0   0x0000007c   Code   RO         4466    i.vTaskSwitchContext  tasks.o
    0x0800836c   0x0800836c   0x000000f4   Code   RO         5474    i.xPortStartScheduler  port.o
    0x08008460   0x08008460   0x00000066   Code   RO         4041    i.xQueueGenericCreateStatic  queue.o
    0x080084c6   0x080084c6   0x00000002   PAD
    0x080084c8   0x080084c8   0x00000088   Code   RO         4042    i.xQueueGenericReset  queue.o
    0x08008550   0x08008550   0x00000160   Code   RO         4043    i.xQueueGenericSend  queue.o
    0x080086b0   0x080086b0   0x000000bc   Code   RO         4044    i.xQueueGenericSendFromISR  queue.o
    0x0800876c   0x0800876c   0x00000138   Code   RO         4053    i.xQueueReceive     queue.o
    0x080088a4   0x080088a4   0x00000088   Code   RO         4468    i.xTaskCheckForTimeOut  tasks.o
    0x0800892c   0x0800892c   0x0000005a   Code   RO         4469    i.xTaskCreate       tasks.o
    0x08008986   0x08008986   0x00000056   Code   RO         4470    i.xTaskCreateStatic  tasks.o
    0x080089dc   0x080089dc   0x0000000c   Code   RO         4473    i.xTaskGetCurrentTaskHandle  tasks.o
    0x080089e8   0x080089e8   0x0000001c   Code   RO         4475    i.xTaskGetSchedulerState  tasks.o
    0x08008a04   0x08008a04   0x0000000c   Code   RO         4476    i.xTaskGetTickCount  tasks.o
    0x08008a10   0x08008a10   0x000000c8   Code   RO         4478    i.xTaskIncrementTick  tasks.o
    0x08008ad8   0x08008ad8   0x00000080   Code   RO         4481    i.xTaskPriorityDisinherit  tasks.o
    0x08008b58   0x08008b58   0x00000070   Code   RO         4483    i.xTaskRemoveFromEventList  tasks.o
    0x08008bc8   0x08008bc8   0x000000c4   Code   RO         4484    i.xTaskResumeAll    tasks.o
    0x08008c8c   0x08008c8c   0x00000060   Code   RO         4835    i.xTimerCreateTimerTask  timers.o
    0x08008cec   0x08008cec   0x00000068   Code   RO         4836    i.xTimerGenericCommand  timers.o
    0x08008d54   0x08008d54   0x000000d8   Code   RO         6058    i.yaw_motor_msg_process  can2_app.o
    0x08008e2c   0x08008e2c   0x00000048   Data   RO          270    .constdata          freertos.o
    0x08008e74   0x08008e74   0x00000008   Data   RO         1638    .constdata          stm32f4xx_hal_dma.o
    0x08008e7c   0x08008e7c   0x00000010   Data   RO         3816    .constdata          system_stm32f4xx.o
    0x08008e8c   0x08008e8c   0x00000008   Data   RO         3817    .constdata          system_stm32f4xx.o
    0x08008e94   0x08008e94   0x00000820   Data   RO         5738    .constdata          oled.o
    0x080096b4   0x080096b4   0x00000300   Data   RO         6128    .constdata          judge.o
    0x080099b4   0x080099b4   0x00000090   Data   RO         6631    .constdata          start_task.o
    0x08009a44   0x08009a44   0x00000004   PAD
    0x08009a48   0x08009a48   0x00000030   Data   RO         7058    .constdata          m_wm.l(cos_i.o)
    0x08009a78   0x08009a78   0x000000c8   Data   RO         7076    .constdata          m_wm.l(rred.o)
    0x08009b40   0x08009b40   0x00000028   Data   RO         7080    .constdata          m_wm.l(sin_i.o)
    0x08009b68   0x08009b68   0x00000081   Data   RO         7142    .constdata          mc_w.l(ctype_o.o)
    0x08009be9   0x08009be9   0x00000003   PAD
    0x08009bec   0x08009bec   0x00000004   Data   RO         7143    .constdata          mc_w.l(ctype_o.o)
    0x08009bf0   0x08009bf0   0x00000018   Data   RO          271    .conststring        freertos.o
    0x08009c08   0x08009c08   0x00000036   Data   RO         6632    .conststring        start_task.o
    0x08009c3e   0x08009c3e   0x00000002   PAD
    0x08009c40   0x08009c40   0x00000020   Data   RO         7173    Region$$Table       anon$$obj.o


    Execution Region RW_IRAM2 (Exec base: 0x10000000, Load base: 0x08009cb0, Size: 0x00000000, Max: 0x00010000, ABSOLUTE)

    **** No section assigned to this execution region ****


    Execution Region RW_IRAM1 (Exec base: 0x20000000, Load base: 0x08009c60, Size: 0x00005868, Max: 0x00030000, ABSOLUTE, COMPRESSED[0x00000050])

    Exec Addr    Load Addr    Size         Type   Attr      Idx    E Section Name        Object

    0x20000000   COMPRESSED   0x00000008   Data   RW          272    .data               freertos.o
    0x20000008   COMPRESSED   0x0000000c   Data   RW          338    .data               adc.o
    0x20000014   COMPRESSED   0x00000014   Data   RW          397    .data               can.o
    0x20000028   COMPRESSED   0x00000008   Data   RW          398    .data               can.o
    0x20000030   COMPRESSED   0x00000008   Data   RW          399    .data               can.o
    0x20000038   COMPRESSED   0x00000008   Data   RW          489    .data               tim.o
    0x20000040   COMPRESSED   0x0000000c   Data   RW         2085    .data               stm32f4xx_hal.o
    0x2000004c   COMPRESSED   0x00000004   Data   RW         3818    .data               system_stm32f4xx.o
    0x20000050   COMPRESSED   0x00000044   Data   RW         4487    .data               tasks.o
    0x20000094   COMPRESSED   0x00000014   Data   RW         4844    .data               timers.o
    0x200000a8   COMPRESSED   0x00000004   Data   RW         5051    .data               cmsis_os2.o
    0x200000ac   COMPRESSED   0x00000018   Data   RW         5424    .data               heap_4.o
    0x200000c4   COMPRESSED   0x0000000c   Data   RW         5475    .data               port.o
    0x200000d0   COMPRESSED   0x00000004   Data   RW         5550    .data               delay.o
    0x200000d4   COMPRESSED   0x00000014   Data   RW         6130    .data               judge.o
    0x200000e8   COMPRESSED   0x00000058   Data   RW         6337    .data               chassis_task.o
    0x20000140   COMPRESSED   0x00000038   Data   RW         6451    .data               connect_task.o
    0x20000178   COMPRESSED   0x00000004   Data   RW         6546    .data               gui_task.o
    0x2000017c   COMPRESSED   0x00000010   Data   RW         6633    .data               start_task.o
    0x2000018c   COMPRESSED   0x00000004   Data   RW         6760    .data               mc_w.l(rand.o)
    0x20000190   COMPRESSED   0x00000004   Data   RW         7112    .data               mc_w.l(errno.o)
    0x20000194        -       0x00000048   Zero   RW          337    .bss                adc.o
    0x200001dc        -       0x00000088   Zero   RW          394    .bss                can.o
    0x20000264        -       0x00000018   Zero   RW          395    .bss                can.o
    0x2000027c        -       0x00000018   Zero   RW          396    .bss                can.o
    0x20000294        -       0x000000c0   Zero   RW          488    .bss                tim.o
    0x20000354        -       0x00000200   Zero   RW          569    .bss                usart.o
    0x20000554        -       0x00000040   Zero   RW          801    .bss                stm32f4xx_hal_timebase_tim.o
    0x20000594        -       0x00000040   Zero   RW         4057    .bss                queue.o
    0x200005d4        -       0x000004c4   Zero   RW         4486    .bss                tasks.o
    0x20000a98        -       0x00000118   Zero   RW         4843    .bss                timers.o
    0x20000bb0        -       0x000006c8   Zero   RW         5050    .bss                cmsis_os2.o
    0x20001278        -       0x00003c00   Zero   RW         5423    .bss                heap_4.o
    0x20004e78        -       0x00000190   Zero   RW         5975    .bss                can1_app.o
    0x20005008        -       0x000000a0   Zero   RW         6059    .bss                can2_app.o
    0x200050a8        -       0x00000062   Zero   RW         6126    .bss                judge.o
    0x2000510a        -       0x00000018   Zero   RW         6233    .bss                remote_app.o
    0x20005122   COMPRESSED   0x00000002   PAD
    0x20005124        -       0x00000014   Zero   RW         6278    .bss                rule.o
    0x20005138        -       0x00000234   Zero   RW         6334    .bss                chassis_task.o
    0x2000536c        -       0x0000000c   Zero   RW         6545    .bss                gui_task.o
    0x20005378        -       0x000000ec   Zero   RW         6671    .bss                test_task.o
    0x20005464   COMPRESSED   0x00000004   PAD
    0x20005468        -       0x00000400   Zero   RW         6723    STACK               startup_stm32f427xx.o


==============================================================================

Image component sizes


      Code (inc. data)   RO Data    RW Data    ZI Data      Debug   Object Name

       372         32          0         12         72       3758   adc.o
       636         62          0         36        184       4989   can.o
       576         92          0          0        400       9050   can1_app.o
       612         82          0          0        160       5406   can2_app.o
      2130         94          0         88        564      11514   chassis_task.o
       716         54          0          4       1736      35873   cmsis_os2.o
       342         12          0         56          0      10163   connect_task.o
       164         14          0          4          0       2327   delay.o
        60          4          0          0          0        942   dma.o
         0          0          0          0          0      17532   event_groups.o
        84         24         96          8          0       5152   freertos.o
       252         16          0          0          0       1259   gpio.o
      2106        600          0          4         12       9777   gui_task.o
       460         24          0         24      15360       5251   heap_4.o
       830         30        768         20         98      11932   judge.o
       138          0          0          0          0       4026   list.o
       324         34          0          0          0     795346   main.o
      1880         68       2080          0          0      21293   oled.o
       260          6          0          0          0       1671   pid.o
       786         82          0         12          0      12549   port.o
      1512         20          0          0         64      18568   queue.o
         8          4          0          0         24       3043   remote_app.o
       392         72          0          0         20       2980   rule.o
       104         26        198         16          0       1957   start_task.o
        36          8        428          0       1024        884   startup_stm32f427xx.o
        80         14          0         12          0       8710   stm32f4xx_hal.o
      1462         60          0          0          0       8709   stm32f4xx_hal_adc.o
         2          0          0          0          0       1145   stm32f4xx_hal_adc_ex.o
      1658          6          0          0          0      15859   stm32f4xx_hal_can.o
       182         14          0          0          0      34268   stm32f4xx_hal_cortex.o
      1080         16          8          0          0       8066   stm32f4xx_hal_dma.o
       478         54          0          0          0       2652   stm32f4xx_hal_gpio.o
        56          4          0          0          0       1026   stm32f4xx_hal_msp.o
       112         14          0          0          0       1448   stm32f4xx_hal_pwr_ex.o
      1396         86          0          0          0       6445   stm32f4xx_hal_rcc.o
      1720         90          0          0          0      18338   stm32f4xx_hal_tim.o
       148         28          0          0          0       2773   stm32f4xx_hal_tim_ex.o
       116         16          0          0         64       1659   stm32f4xx_hal_timebase_tim.o
      1658         30          0          0          0      15695   stm32f4xx_hal_uart.o
       212         88          0          0          0      11603   stm32f4xx_it.o
         0          0          0          0          0        392   stream_buffer.o
        28          6         24          4          0       1395   system_stm32f4xx.o
      2890        238          0         68       1220      36137   tasks.o
       260         20          0          0        236       4678   test_task.o
       668         82          0          8        192       6123   tim.o
       972         80          0         20        280      32215   timers.o
       672         68          0          0        512       8214   usart.o

    ----------------------------------------------------------------------
     30688       2474       3640        396      22228    1224792   Object Totals
         0          0         32          0          0          0   (incl. Generated)
        58          0          6          0          6          0   (incl. Padding)

    ----------------------------------------------------------------------

      Code (inc. data)   RO Data    RW Data    ZI Data      Debug   Library Member Name

       200         20          0          0          0        164   cos.o
       368         46         48          0          0        200   cos_i.o
        84         16          0          0          0        372   dunder.o
        24          0          0          0          0        124   fabs.o
        48          0          0          0          0        124   fpclassify.o
       248          0          0          0          0        152   poly.o
      1080        142        200          0          0        188   rred.o
       200         20          0          0          0        164   sin.o
       304         24         40          0          0        208   sin_i.o
        58          0          0          0          0          0   __dczerorl.o
        28          0          0          0          0         68   _chval.o
       158          0          0          0          0         92   _strtoul.o
        26          0          0          0          0         80   atoi.o
         8          4        133          0          0         68   ctype_o.o
         0          0          0          0          0          0   entry.o
         0          0          0          0          0          0   entry10a.o
         0          0          0          0          0          0   entry11a.o
         4          0          0          0          0          0   entry12b.o
         8          4          0          0          0          0   entry2.o
         4          0          0          0          0          0   entry5.o
         0          0          0          0          0          0   entry7b.o
         0          0          0          0          0          0   entry8b.o
         8          4          0          0          0          0   entry9a.o
        20         10          0          4          0        136   errno.o
        30          0          0          0          0          0   handlers.o
        36          8          0          0          0         68   init.o
         0          0          0          0          0          0   iusefp.o
        30          0          0          0          0         68   llshl.o
        36          0          0          0          0         68   llsshr.o
        32          0          0          0          0         68   llushr.o
        36          0          0          0          0         68   memcpya.o
        36          0          0          0          0        108   memseta.o
       490         10          0          0          0        252   printf3.o
        36         10          0          4          0        136   rand.o
        24          0          0          0          0         68   strcat.o
       112          0          0          0          0         88   strtol.o
        44          0          0          0          0         80   uidiv.o
        98          0          0          0          0         92   uldiv.o
        56          0          0          0          0         88   d2f.o
       334          0          0          0          0        148   dadd.o
       222          0          0          0          0        100   ddiv.o
       186          0          0          0          0        176   depilogue.o
        62          0          0          0          0         80   dfixi.o
        50          0          0          0          0         76   dfixui.o
        34          0          0          0          0         76   dflti.o
        26          0          0          0          0         76   dfltui.o
       228          0          0          0          0         96   dmul.o
        38          0          0          0          0         68   f2d.o
       110          0          0          0          0        168   fepilogue.o

    ----------------------------------------------------------------------
      5280        322        424          8          0       4456   Library Totals
        16          4          3          0          0          0   (incl. Padding)

    ----------------------------------------------------------------------

      Code (inc. data)   RO Data    RW Data    ZI Data      Debug   Library Name

      2556        268        288          0          0       1696   m_wm.l
      1362         50        133          8          0       1608   mc_w.l
      1346          0          0          0          0       1152   mf_w.l

    ----------------------------------------------------------------------
      5280        322        424          8          0       4456   Library Totals

    ----------------------------------------------------------------------

==============================================================================


      Code (inc. data)   RO Data    RW Data    ZI Data      Debug   

     35968       2796       4064        404      22228    1194576   Grand Totals
     35968       2796       4064         80      22228    1194576   ELF Image Totals (compressed)
     35968       2796       4064         80          0          0   ROM Totals

==============================================================================

    Total RO  Size (Code + RO Data)                40032 (  39.09kB)
    Total RW  Size (RW Data + ZI Data)             22632 (  22.10kB)
    Total ROM Size (Code + RO Data + RW Data)      40112 (  39.17kB)

==============================================================================

